Archive member included to satisfy reference by file (symbol)

D:\git_proj\simpController\NXP\Firmware\lpc_board_nxp_lpcxpresso_11u68\Debug\liblpc_board_nxp_lpcxpresso_11u68.a(board.o)
                              ./example/src/switch_blinky.o (Board_LED_Set)
D:\git_proj\simpController\NXP\Firmware\lpc_board_nxp_lpcxpresso_11u68\Debug\liblpc_board_nxp_lpcxpresso_11u68.a(board_sysinit.o)
                              ./example/src/sysinit.o (Board_SystemInit)
D:\git_proj\simpController\NXP\Firmware\lpc_chip_11u6x\Debug\liblpc_chip_11u6x.a(chip_11u6x.o)
                              ./example/src/switch_blinky.o (SystemCoreClock)
D:\git_proj\simpController\NXP\Firmware\lpc_chip_11u6x\Debug\liblpc_chip_11u6x.a(clock_11u6x.o)
                              D:\git_proj\simpController\NXP\Firmware\lpc_chip_11u6x\Debug\liblpc_chip_11u6x.a(chip_11u6x.o) (Chip_Clock_SetUSBPLLSource)
D:\git_proj\simpController\NXP\Firmware\lpc_chip_11u6x\Debug\liblpc_chip_11u6x.a(gpio_11u6x.o)
                              D:\git_proj\simpController\NXP\Firmware\lpc_board_nxp_lpcxpresso_11u68\Debug\liblpc_board_nxp_lpcxpresso_11u68.a(board.o) (Chip_GPIO_Init)
D:\git_proj\simpController\NXP\Firmware\lpc_chip_11u6x\Debug\liblpc_chip_11u6x.a(iocon_11u6x.o)
                              D:\git_proj\simpController\NXP\Firmware\lpc_board_nxp_lpcxpresso_11u68\Debug\liblpc_board_nxp_lpcxpresso_11u68.a(board_sysinit.o) (Chip_IOCON_SetPinMuxing)
D:\git_proj\simpController\NXP\Firmware\lpc_chip_11u6x\Debug\liblpc_chip_11u6x.a(rtc_11u6x.o)
                              ./example/src/switch_blinky.o (Chip_RTC_Init)
D:\git_proj\simpController\NXP\Firmware\lpc_chip_11u6x\Debug\liblpc_chip_11u6x.a(syscon_11u6x.o)
                              D:\git_proj\simpController\NXP\Firmware\lpc_chip_11u6x\Debug\liblpc_chip_11u6x.a(chip_11u6x.o) (Chip_SYSCTL_PowerUp)
D:\git_proj\simpController\NXP\Firmware\lpc_chip_11u6x\Debug\liblpc_chip_11u6x.a(sysinit_11u6x.o)
                              D:\git_proj\simpController\NXP\Firmware\lpc_board_nxp_lpcxpresso_11u68\Debug\liblpc_board_nxp_lpcxpresso_11u68.a(board_sysinit.o) (Chip_SetupXtalClocking)
D:\git_proj\simpController\NXP\Firmware\lpc_chip_11u6x\Debug\liblpc_chip_11u6x.a(uart_0_11u6x.o)
                              D:\git_proj\simpController\NXP\Firmware\lpc_board_nxp_lpcxpresso_11u68\Debug\liblpc_board_nxp_lpcxpresso_11u68.a(board.o) (Chip_UART0_Init)
D:\git_proj\simpController\NXP\Firmware\lpc_chip_11u6x\Debug\liblpc_chip_11u6x.a(ring_buffer.o)
                              D:\git_proj\simpController\NXP\Firmware\lpc_chip_11u6x\Debug\liblpc_chip_11u6x.a(uart_0_11u6x.o) (RingBuffer_Insert)
d:/work_stuff/mcuxpressoide_11.1.1_3241/ide/plugins/com.nxp.mcuxpresso.tools.win32_11.1.0.202001081728/tools/bin/../lib/gcc/arm-none-eabi/8.3.1/../../../../arm-none-eabi/lib/thumb/v6-m/nofp\libcr_nohost.a(_cr__main.o)
                              ./example/src/cr_startup_lpc11u6x.o (__main)
d:/work_stuff/mcuxpressoide_11.1.1_3241/ide/plugins/com.nxp.mcuxpresso.tools.win32_11.1.0.202001081728/tools/bin/../lib/gcc/arm-none-eabi/8.3.1/../../../../arm-none-eabi/lib/thumb/v6-m/nofp\libcr_c.a(memcpy.o)
                              D:\git_proj\simpController\NXP\Firmware\lpc_chip_11u6x\Debug\liblpc_chip_11u6x.a(ring_buffer.o) (memcpy)
d:/work_stuff/mcuxpressoide_11.1.1_3241/ide/plugins/com.nxp.mcuxpresso.tools.win32_11.1.0.202001081728/tools/bin/../lib/gcc/arm-none-eabi/8.3.1/../../../../arm-none-eabi/lib/thumb/v6-m/nofp\libcr_c.a(initio.o)
                              d:/work_stuff/mcuxpressoide_11.1.1_3241/ide/plugins/com.nxp.mcuxpresso.tools.win32_11.1.0.202001081728/tools/bin/../lib/gcc/arm-none-eabi/8.3.1/../../../../arm-none-eabi/lib/thumb/v6-m/nofp\libcr_nohost.a(_cr__main.o) (_initio)
d:/work_stuff/mcuxpressoide_11.1.1_3241/ide/plugins/com.nxp.mcuxpresso.tools.win32_11.1.0.202001081728/tools/bin/../lib/gcc/arm-none-eabi/8.3.1/../../../../arm-none-eabi/lib/thumb/v6-m/nofp\libcr_c.a(setvbuf.o)
                              d:/work_stuff/mcuxpressoide_11.1.1_3241/ide/plugins/com.nxp.mcuxpresso.tools.win32_11.1.0.202001081728/tools/bin/../lib/gcc/arm-none-eabi/8.3.1/../../../../arm-none-eabi/lib/thumb/v6-m/nofp\libcr_c.a(initio.o) (setvbuf)
d:/work_stuff/mcuxpressoide_11.1.1_3241/ide/plugins/com.nxp.mcuxpresso.tools.win32_11.1.0.202001081728/tools/bin/../lib/gcc/arm-none-eabi/8.3.1/../../../../arm-none-eabi/lib/thumb/v6-m/nofp\libcr_c.a(_fdopen.o)
                              d:/work_stuff/mcuxpressoide_11.1.1_3241/ide/plugins/com.nxp.mcuxpresso.tools.win32_11.1.0.202001081728/tools/bin/../lib/gcc/arm-none-eabi/8.3.1/../../../../arm-none-eabi/lib/thumb/v6-m/nofp\libcr_c.a(initio.o) (_fdopen)
d:/work_stuff/mcuxpressoide_11.1.1_3241/ide/plugins/com.nxp.mcuxpresso.tools.win32_11.1.0.202001081728/tools/bin/../lib/gcc/arm-none-eabi/8.3.1/../../../../arm-none-eabi/lib/thumb/v6-m/nofp\libcr_c.a(fclose.o)
[...]
Memory Configuration

Name             Origin             Length             Attributes
MFlash256        0x00000000         0x00040000         xr
Ram0_32          0x10000000         0x00008000         xrw
Ram1_2           0x20000000         0x00000800         xrw
Ram2USB_2        0x20004000         0x00000800         xrw
*default*        0x00000000         0xffffffff

Linker script and memory map

LOAD ./example/src/aeabi_romdiv_patch.o
LOAD ./example/src/cr_startup_lpc11u6x.o
LOAD ./example/src/crp.o
LOAD ./example/src/mtb.o
LOAD ./example/src/switch_blinky.o
LOAD ./example/src/sysinit.o
LOAD D:\git_proj\simpController\NXP\Firmware\lpc_board_nxp_lpcxpresso_11u68\Debug\liblpc_board_nxp_lpcxpresso_11u68.a
LOAD D:\git_proj\simpController\NXP\Firmware\lpc_chip_11u6x\Debug\liblpc_chip_11u6x.a
START GROUP
LOAD d:/work_stuff/mcuxpressoide_11.1.1_3241/ide/plugins/com.nxp.mcuxpresso.tools.win32_11.1.0.202001081728/tools/bin/../lib/gcc/arm-none-eabi/8.3.1/../../../../arm-none-eabi/lib/thumb/v6-m/nofp\libcr_nohost.a
LOAD d:/work_stuff/mcuxpressoide_11.1.1_3241/ide/plugins/com.nxp.mcuxpresso.tools.win32_11.1.0.202001081728/tools/bin/../lib/gcc/arm-none-eabi/8.3.1/../../../../arm-none-eabi/lib/thumb/v6-m/nofp\libcr_c.a
LOAD d:/work_stuff/mcuxpressoide_11.1.1_3241/ide/plugins/com.nxp.mcuxpresso.tools.win32_11.1.0.202001081728/tools/bin/../lib/gcc/arm-none-eabi/8.3.1/thumb/v6-m/nofp\libcr_eabihelpers.a
LOAD d:/work_stuff/mcuxpressoide_11.1.1_3241/ide/plugins/com.nxp.mcuxpresso.tools.win32_11.1.0.202001081728/tools/bin/../lib/gcc/arm-none-eabi/8.3.1/thumb/v6-m/nofp\libgcc.a
END GROUP
                0x00000000                __base_MFlash256 = 0x0
                0x00000000                __base_Flash = 0x0
                0x00040000                __top_MFlash256 = 0x40000
                0x00040000                __top_Flash = 0x40000
                0x10000000                __base_Ram0_32 = 0x10000000
                0x10000000                __base_RAM = 0x10000000
                0x10008000                __top_Ram0_32 = 0x10008000
                0x10008000                __top_RAM = 0x10008000
                0x20000000                __base_Ram1_2 = 0x20000000
                0x20000000                __base_RAM2 = 0x20000000
                0x20000800                __top_Ram1_2 = 0x20000800
                0x20000800                __top_RAM2 = 0x20000800
                0x20004000                __base_Ram2USB_2 = 0x20004000
                0x20004000                __base_RAM3 = 0x20004000
                0x20004800                __top_Ram2USB_2 = 0x20004800
                0x20004800                __top_RAM3 = 0x20004800

.text           0x00000000     0x199c
 FILL mask 0xff
                0x00000000                __vectors_start__ = ABSOLUTE (.)
 *(.isr_vector)
 .isr_vector    0x00000000       0xc0 ./example/src/cr_startup_lpc11u6x.o
                0x00000000                g_pfnVectors
                0x000000c0                . = ALIGN (0x4)
                0x000000c0                __section_table_start = .
                0x000000c0                __data_section_table = .
                0x000000c0        0x4 LONG 0x199c LOADADDR (.data)
                0x000000c4        0x4 LONG 0x10000100 ADDR (.data)
                0x000000c8        0x4 LONG 0x0 SIZEOF (.data)
                0x000000cc        0x4 LONG 0x199c LOADADDR (.data_RAM2)
                0x000000d0        0x4 LONG 0x20000000 ADDR (.data_RAM2)
                0x000000d4        0x4 LONG 0x0 SIZEOF (.data_RAM2)
                0x000000d8        0x4 LONG 0x199c LOADADDR (.data_RAM3)
                0x000000dc        0x4 LONG 0x20004000 ADDR (.data_RAM3)
                0x000000e0        0x4 LONG 0x0 SIZEOF (.data_RAM3)
                0x000000e4                __data_section_table_end = .
                0x000000e4                __bss_section_table = .
                0x000000e4        0x4 LONG 0x10000100 ADDR (.bss)
                0x000000e8        0x4 LONG 0x1f8 SIZEOF (.bss)
                0x000000ec        0x4 LONG 0x20000000 ADDR (.bss_RAM2)
                0x000000f0        0x4 LONG 0x0 SIZEOF (.bss_RAM2)
                0x000000f4        0x4 LONG 0x20004000 ADDR (.bss_RAM3)
                0x000000f8        0x4 LONG 0x0 SIZEOF (.bss_RAM3)
                0x000000fc                __bss_section_table_end = .
                0x000000fc                __section_table_end = .
 *(.after_vectors*)
 .after_vectors
                0x000000fc      0x158 ./example/src/cr_startup_lpc11u6x.o
                0x000000fc                data_init
                0x0000013c                bss_init
                0x00000170                ResetISR
                0x00000230                NMI_Handler
                0x00000236                HardFault_Handler
                0x0000023c                SVC_Handler
                0x00000242                PendSV_Handler
                0x0000024e                ADCB_IRQHandler
                0x0000024e                SCT0_1_IRQHandler
                0x0000024e                TIMER32_0_IRQHandler
                0x0000024e                TIMER32_1_IRQHandler
                0x0000024e                PIN_INT6_IRQHandler
                0x0000024e                IntDefaultHandler
                0x0000024e                PIN_INT4_IRQHandler
                0x0000024e                SSP0_IRQHandler
                0x0000024e                USBWakeup_IRQHandler
                0x0000024e                I2C1_IRQHandler
                0x0000024e                USART0_IRQHandler
                0x0000024e                PIN_INT5_IRQHandler
                0x0000024e                PIN_INT2_IRQHandler
                0x0000024e                TIMER16_1_IRQHandler
                0x0000024e                USB_FIQHandler
                0x0000024e                USART1_4_IRQHandler
                0x0000024e                SSP1_IRQHandler
                0x0000024e                PIN_INT7_IRQHandler
                0x0000024e                BOD_WDT_IRQHandler
                0x0000024e                PIN_INT1_IRQHandler
                0x0000024e                USB_IRQHandler
                0x0000024e                I2C0_IRQHandler
                0x0000024e                USART2_3_IRQHandler
                0x0000024e                PIN_INT0_IRQHandler
                0x0000024e                GINT0_IRQHandler
                0x0000024e                TIMER16_0_IRQHandler
                0x0000024e                DMA_IRQHandler
                0x0000024e                PIN_INT3_IRQHandler
                0x0000024e                FMC_IRQHandler
                0x0000024e                GINT1_IRQHandler
                0x0000024e                ADCA_IRQHandler
                0x000002fc                . = 0x2fc
 *fill*         0x00000254       0xa8 ff
                0x000002fc                PROVIDE (__CRP_WORD_START__ = .)
 *(.crp)
 .crp           0x000002fc        0x4 ./example/src/crp.o
                0x000002fc                CRP_WORD
                0x00000300                PROVIDE (__CRP_WORD_END__ = .)
                0x00000001                ASSERT (! ((__CRP_WORD_START__ == __CRP_WORD_END__)), Linker CRP Enabled, but no CRP_WORD provided within application)
 *(.text*)
 .text.__aeabi_uidiv
                0x00000300       0x10 ./example/src/aeabi_romdiv_patch.o
                0x00000300                __aeabi_uidivmod
                0x00000300                __aeabi_uidiv
 .text.NVIC_EnableIRQ
                0x00000310       0x2c ./example/src/switch_blinky.o
 .text.NVIC_SetPriority
                0x0000033c       0xdc ./example/src/switch_blinky.o
 .text.SysTick_Config
                0x00000418       0x48 ./example/src/switch_blinky.o
 .text.Chip_SYSCTL_EnablePeriphWakeup
                0x00000460       0x28 ./example/src/switch_blinky.o
 .text.Chip_Clock_EnableRTCOsc
                0x00000488       0x14 ./example/src/switch_blinky.o
 .text.Chip_GPIO_GetPinState
                0x0000049c       0x38 ./example/src/switch_blinky.o
 .text.Chip_GPIO_SetPinDIRInput
                0x000004d4       0x52 ./example/src/switch_blinky.o
 .text.Chip_RTC_EnableOptions
                0x00000526       0x1e ./example/src/switch_blinky.o
 .text.Chip_RTC_DisableOptions
                0x00000544       0x20 ./example/src/switch_blinky.o
 .text.Chip_RTC_Reset
                0x00000564       0x24 ./example/src/switch_blinky.o
 .text.Chip_RTC_Enable
                0x00000588       0x1a ./example/src/switch_blinky.o
 .text.Chip_RTC_Disable
                0x000005a2       0x1a ./example/src/switch_blinky.o
 .text.Chip_RTC_Enable1KHZ
                0x000005bc       0x1a ./example/src/switch_blinky.o
 .text.Chip_RTC_EnableWakeup
                0x000005d6       0x1e ./example/src/switch_blinky.o
 .text.Chip_RTC_ClearStatus
                0x000005f4       0x16 ./example/src/switch_blinky.o
 .text.Chip_RTC_GetStatus
                0x0000060a       0x14 ./example/src/switch_blinky.o
 .text.Chip_RTC_SetAlarm
                0x0000061e       0x18 ./example/src/switch_blinky.o
 .text.Chip_RTC_SetCount
                0x00000636       0x18 ./example/src/switch_blinky.o
 .text.Chip_RTC_SetWake
                0x0000064e       0x1e ./example/src/switch_blinky.o
 .text.RTC_IRQHandler
                0x0000066c       0x74 ./example/src/switch_blinky.o
                0x0000066c                RTC_IRQHandler
 .text.SysTick_Handler
                0x000006e0       0xb8 ./example/src/switch_blinky.o
                0x000006e0                SysTick_Handler
 .text.main     0x00000798      0x144 ./example/src/switch_blinky.o
                0x00000798                main
 .text.SystemInit
                0x000008dc        0xe ./example/src/sysinit.o
                0x000008dc                SystemInit
 .text.Chip_GPIO_SetPinState
                0x000008ea       0x3e D:\git_proj\simpController\NXP\Firmware\lpc_board_nxp_lpcxpresso_11u68\Debug\liblpc_board_nxp_lpcxpresso_11u68.a(board.o)
 .text.Chip_GPIO_SetPinDIROutput
                0x00000928       0x50 D:\git_proj\simpController\NXP\Firmware\lpc_board_nxp_lpcxpresso_11u68\Debug\liblpc_board_nxp_lpcxpresso_11u68.a(board.o)
 .text.Chip_GPIO_SetPinToggle
                0x00000978       0x3c D:\git_proj\simpController\NXP\Firmware\lpc_board_nxp_lpcxpresso_11u68\Debug\liblpc_board_nxp_lpcxpresso_11u68.a(board.o)
 .text.Chip_UART0_TXEnable
                0x000009b4       0x16 D:\git_proj\simpController\NXP\Firmware\lpc_board_nxp_lpcxpresso_11u68\Debug\liblpc_board_nxp_lpcxpresso_11u68.a(board.o)
 .text.Chip_UART0_SetupFIFOS
                0x000009ca       0x18 D:\git_proj\simpController\NXP\Firmware\lpc_board_nxp_lpcxpresso_11u68\Debug\liblpc_board_nxp_lpcxpresso_11u68.a(board.o)
 .text.Chip_UART0_ConfigData
                0x000009e2       0x18 D:\git_proj\simpController\NXP\Firmware\lpc_board_nxp_lpcxpresso_11u68\Debug\liblpc_board_nxp_lpcxpresso_11u68.a(board.o)
 .text.__sys_write
                0x000009fa       0x38 D:\git_proj\simpController\NXP\Firmware\lpc_board_nxp_lpcxpresso_11u68\Debug\liblpc_board_nxp_lpcxpresso_11u68.a(board.o)
                0x000009fa                __sys_write
 *fill*         0x00000a32        0x2 ff
 .text.Board_UARTPutChar
                0x00000a34       0x24 D:\git_proj\simpController\NXP\Firmware\lpc_board_nxp_lpcxpresso_11u68\Debug\liblpc_board_nxp_lpcxpresso_11u68.a(board.o)
                0x00000a34                Board_UARTPutChar
 .text.Board_Debug_Init
                0x00000a58       0x40 D:\git_proj\simpController\NXP\Firmware\lpc_board_nxp_lpcxpresso_11u68\Debug\liblpc_board_nxp_lpcxpresso_11u68.a(board.o)
                0x00000a58                Board_Debug_Init
 .text.Board_LED_Init
                0x00000a98       0x5c D:\git_proj\simpController\NXP\Firmware\lpc_board_nxp_lpcxpresso_11u68\Debug\liblpc_board_nxp_lpcxpresso_11u68.a(board.o)
 .text.Board_LED_Set
                0x00000af4       0x60 D:\git_proj\simpController\NXP\Firmware\lpc_board_nxp_lpcxpresso_11u68\Debug\liblpc_board_nxp_lpcxpresso_11u68.a(board.o)
                0x00000af4                Board_LED_Set
 .text.Board_LED_Toggle
                0x00000b54       0x40 D:\git_proj\simpController\NXP\Firmware\lpc_board_nxp_lpcxpresso_11u68\Debug\liblpc_board_nxp_lpcxpresso_11u68.a(board.o)
                0x00000b54                Board_LED_Toggle
 .text.Board_Init
                0x00000b94       0x1c D:\git_proj\simpController\NXP\Firmware\lpc_board_nxp_lpcxpresso_11u68\Debug\liblpc_board_nxp_lpcxpresso_11u68.a(board.o)
                0x00000b94                Board_Init
 .text.Chip_Clock_EnablePeriphClock
                0x00000bb0       0x30 D:\git_proj\simpController\NXP\Firmware\lpc_board_nxp_lpcxpresso_11u68\Debug\liblpc_board_nxp_lpcxpresso_11u68.a(board_sysinit.o)
 .text.Board_SetupMuxing
                0x00000be0       0x24 D:\git_proj\simpController\NXP\Firmware\lpc_board_nxp_lpcxpresso_11u68\Debug\liblpc_board_nxp_lpcxpresso_11u68.a(board_sysinit.o)
                0x00000be0                Board_SetupMuxing
 .text.Board_SetupClocking
                0x00000c04        0xe D:\git_proj\simpController\NXP\Firmware\lpc_board_nxp_lpcxpresso_11u68\Debug\liblpc_board_nxp_lpcxpresso_11u68.a(board_sysinit.o)
                0x00000c04                Board_SetupClocking
 .text.Board_SystemInit
                0x00000c12       0x12 D:\git_proj\simpController\NXP\Firmware\lpc_board_nxp_lpcxpresso_11u68\Debug\liblpc_board_nxp_lpcxpresso_11u68.a(board_sysinit.o)
                0x00000c12                Board_SystemInit
 .text.SystemCoreClockUpdate
                0x00000c24       0x18 D:\git_proj\simpController\NXP\Firmware\lpc_chip_11u6x\Debug\liblpc_chip_11u6x.a(chip_11u6x.o)
                0x00000c24                SystemCoreClockUpdate
 .text.Chip_Clock_GetMainOscRate
                0x00000c3c       0x14 D:\git_proj\simpController\NXP\Firmware\lpc_chip_11u6x\Debug\liblpc_chip_11u6x.a(clock_11u6x.o)
 .text.Chip_Clock_GetIntOscRate
                0x00000c50       0x10 D:\git_proj\simpController\NXP\Firmware\lpc_chip_11u6x\Debug\liblpc_chip_11u6x.a(clock_11u6x.o)
 .text.Chip_Clock_GetRTCOscRate
                0x00000c60       0x14 D:\git_proj\simpController\NXP\Firmware\lpc_chip_11u6x\Debug\liblpc_chip_11u6x.a(clock_11u6x.o)
 .text.Chip_Clock_GetWDTRate
                0x00000c74       0x48 D:\git_proj\simpController\NXP\Firmware\lpc_chip_11u6x\Debug\liblpc_chip_11u6x.a(clock_11u6x.o)
 .text.Chip_Clock_GetPLLFreq
                0x00000cbc       0x22 D:\git_proj\simpController\NXP\Firmware\lpc_chip_11u6x\Debug\liblpc_chip_11u6x.a(clock_11u6x.o)
 *fill*         0x00000cde        0x2 ff
 .text.Chip_Clock_SetSystemPLLSource
                0x00000ce0       0x2c D:\git_proj\simpController\NXP\Firmware\lpc_chip_11u6x\Debug\liblpc_chip_11u6x.a(clock_11u6x.o)
                0x00000ce0                Chip_Clock_SetSystemPLLSource
 .text.Chip_Clock_SetMainClockSource
                0x00000d0c       0x2c D:\git_proj\simpController\NXP\Firmware\lpc_chip_11u6x\Debug\liblpc_chip_11u6x.a(clock_11u6x.o)
                0x00000d0c                Chip_Clock_SetMainClockSource
 .text.Chip_Clock_GetWDTOSCRate
                0x00000d38       0x1c D:\git_proj\simpController\NXP\Firmware\lpc_chip_11u6x\Debug\liblpc_chip_11u6x.a(clock_11u6x.o)
                0x00000d38                Chip_Clock_GetWDTOSCRate
 .text.Chip_Clock_GetSystemPLLInClockRate
                0x00000d54       0x50 D:\git_proj\simpController\NXP\Firmware\lpc_chip_11u6x\Debug\liblpc_chip_11u6x.a(clock_11u6x.o)
                0x00000d54                Chip_Clock_GetSystemPLLInClockRate
 .text.Chip_Clock_GetSystemPLLOutClockRate
                0x00000da4       0x24 D:\git_proj\simpController\NXP\Firmware\lpc_chip_11u6x\Debug\liblpc_chip_11u6x.a(clock_11u6x.o)
                0x00000da4                Chip_Clock_GetSystemPLLOutClockRate
 .text.Chip_Clock_GetMainClockRate
                0x00000dc8       0x64 D:\git_proj\simpController\NXP\Firmware\lpc_chip_11u6x\Debug\liblpc_chip_11u6x.a(clock_11u6x.o)
                0x00000dc8                Chip_Clock_GetMainClockRate
 .text.Chip_Clock_GetSystemClockRate
                0x00000e2c       0x24 D:\git_proj\simpController\NXP\Firmware\lpc_chip_11u6x\Debug\liblpc_chip_11u6x.a(clock_11u6x.o)
                0x00000e2c                Chip_Clock_GetSystemClockRate
 .text.Chip_Clock_EnablePeriphClock
                0x00000e50       0x30 D:\git_proj\simpController\NXP\Firmware\lpc_chip_11u6x\Debug\liblpc_chip_11u6x.a(gpio_11u6x.o)
 .text.Chip_GPIO_Init
                0x00000e80       0x16 D:\git_proj\simpController\NXP\Firmware\lpc_chip_11u6x\Debug\liblpc_chip_11u6x.a(gpio_11u6x.o)
                0x00000e80                Chip_GPIO_Init
 .text.Chip_IOCON_PinMuxSet
                0x00000e96       0x8a D:\git_proj\simpController\NXP\Firmware\lpc_chip_11u6x\Debug\liblpc_chip_11u6x.a(iocon_11u6x.o)
                0x00000e96                Chip_IOCON_PinMuxSet
 .text.Chip_IOCON_SetPinMuxing
                0x00000f20       0x4e D:\git_proj\simpController\NXP\Firmware\lpc_chip_11u6x\Debug\liblpc_chip_11u6x.a(iocon_11u6x.o)
                0x00000f20                Chip_IOCON_SetPinMuxing
 *fill*         0x00000f6e        0x2 ff
 .text.Chip_Clock_EnablePeriphClock
                0x00000f70       0x30 D:\git_proj\simpController\NXP\Firmware\lpc_chip_11u6x\Debug\liblpc_chip_11u6x.a(rtc_11u6x.o)
 .text.Chip_RTC_Init
                0x00000fa0       0x16 D:\git_proj\simpController\NXP\Firmware\lpc_chip_11u6x\Debug\liblpc_chip_11u6x.a(rtc_11u6x.o)
                0x00000fa0                Chip_RTC_Init
 *fill*         0x00000fb6        0x2 ff
 .text.Chip_SYSCTL_PowerDown
                0x00000fb8       0x44 D:\git_proj\simpController\NXP\Firmware\lpc_chip_11u6x\Debug\liblpc_chip_11u6x.a(syscon_11u6x.o)
                0x00000fb8                Chip_SYSCTL_PowerDown
 .text.Chip_SYSCTL_PowerUp
                0x00000ffc       0x44 D:\git_proj\simpController\NXP\Firmware\lpc_chip_11u6x\Debug\liblpc_chip_11u6x.a(syscon_11u6x.o)
                0x00000ffc                Chip_SYSCTL_PowerUp
 .text.Chip_Clock_SetupSystemPLL
                0x00001040       0x38 D:\git_proj\simpController\NXP\Firmware\lpc_chip_11u6x\Debug\liblpc_chip_11u6x.a(sysinit_11u6x.o)
 .text.Chip_Clock_IsSystemPLLLocked
                0x00001078       0x1c D:\git_proj\simpController\NXP\Firmware\lpc_chip_11u6x\Debug\liblpc_chip_11u6x.a(sysinit_11u6x.o)
 .text.Chip_Clock_SetSysClockDiv
                0x00001094       0x1c D:\git_proj\simpController\NXP\Firmware\lpc_chip_11u6x\Debug\liblpc_chip_11u6x.a(sysinit_11u6x.o)
 .text.Chip_FMC_SetFLASHAccess
                0x000010b0       0x30 D:\git_proj\simpController\NXP\Firmware\lpc_chip_11u6x\Debug\liblpc_chip_11u6x.a(sysinit_11u6x.o)
 .text.Chip_SetupXtalClocking
                0x000010e0       0x6c D:\git_proj\simpController\NXP\Firmware\lpc_chip_11u6x\Debug\liblpc_chip_11u6x.a(sysinit_11u6x.o)
                0x000010e0                Chip_SetupXtalClocking
 .text.Chip_Clock_EnablePeriphClock
                0x0000114c       0x30 D:\git_proj\simpController\NXP\Firmware\lpc_chip_11u6x\Debug\liblpc_chip_11u6x.a(uart_0_11u6x.o)
 .text.Chip_Clock_SetUSART0ClockDiv
                0x0000117c       0x1c D:\git_proj\simpController\NXP\Firmware\lpc_chip_11u6x\Debug\liblpc_chip_11u6x.a(uart_0_11u6x.o)
 .text.Chip_UART0_SendByte
                0x00001198       0x1e D:\git_proj\simpController\NXP\Firmware\lpc_chip_11u6x\Debug\liblpc_chip_11u6x.a(uart_0_11u6x.o)
 .text.Chip_UART0_SetupFIFOS
                0x000011b6       0x18 D:\git_proj\simpController\NXP\Firmware\lpc_chip_11u6x\Debug\liblpc_chip_11u6x.a(uart_0_11u6x.o)
 .text.Chip_UART0_EnableDivisorAccess
                0x000011ce       0x1c D:\git_proj\simpController\NXP\Firmware\lpc_chip_11u6x\Debug\liblpc_chip_11u6x.a(uart_0_11u6x.o)
 .text.Chip_UART0_DisableDivisorAccess
                0x000011ea       0x1e D:\git_proj\simpController\NXP\Firmware\lpc_chip_11u6x\Debug\liblpc_chip_11u6x.a(uart_0_11u6x.o)
 .text.Chip_UART0_SetDivisorLatches
                0x00001208       0x30 D:\git_proj\simpController\NXP\Firmware\lpc_chip_11u6x\Debug\liblpc_chip_11u6x.a(uart_0_11u6x.o)
 .text.Chip_UART0_ReadLineStatus
                0x00001238       0x14 D:\git_proj\simpController\NXP\Firmware\lpc_chip_11u6x\Debug\liblpc_chip_11u6x.a(uart_0_11u6x.o)
 .text.Chip_UART0_Init
                0x0000124c       0x2c D:\git_proj\simpController\NXP\Firmware\lpc_chip_11u6x\Debug\liblpc_chip_11u6x.a(uart_0_11u6x.o)
                0x0000124c                Chip_UART0_Init
 .text.Chip_UART0_Send
                0x00001278       0x52 D:\git_proj\simpController\NXP\Firmware\lpc_chip_11u6x\Debug\liblpc_chip_11u6x.a(uart_0_11u6x.o)
                0x00001278                Chip_UART0_Send
 .text.Chip_UART0_SendBlocking
                0x000012ca       0x4e D:\git_proj\simpController\NXP\Firmware\lpc_chip_11u6x\Debug\liblpc_chip_11u6x.a(uart_0_11u6x.o)
                0x000012ca                Chip_UART0_SendBlocking
 .text.Chip_UART0_SetBaud
                0x00001318       0x6e D:\git_proj\simpController\NXP\Firmware\lpc_chip_11u6x\Debug\liblpc_chip_11u6x.a(uart_0_11u6x.o)
                0x00001318                Chip_UART0_SetBaud
 .text.__main   0x00001386        0xc d:/work_stuff/mcuxpressoide_11.1.1_3241/ide/plugins/com.nxp.mcuxpresso.tools.win32_11.1.0.202001081728/tools/bin/../lib/gcc/arm-none-eabi/8.3.1/../../../../arm-none-eabi/lib/thumb/v6-m/nofp\libcr_nohost.a(_cr__main.o)
                0x00001386                __main
 *fill*         0x00001392        0x2 ff
 .text._initio  0x00001394       0x7c d:/work_stuff/mcuxpressoide_11.1.1_3241/ide/plugins/com.nxp.mcuxpresso.tools.win32_11.1.0.202001081728/tools/bin/../lib/gcc/arm-none-eabi/8.3.1/../../../../arm-none-eabi/lib/thumb/v6-m/nofp\libcr_c.a(initio.o)
                0x00001394                _initio
 .text.setvbuf  0x00001410       0x4c d:/work_stuff/mcuxpressoide_11.1.1_3241/ide/plugins/com.nxp.mcuxpresso.tools.win32_11.1.0.202001081728/tools/bin/../lib/gcc/arm-none-eabi/8.3.1/../../../../arm-none-eabi/lib/thumb/v6-m/nofp\libcr_c.a(setvbuf.o)
                0x00001410                setvbuf
 .text._fdopen  0x0000145c       0x74 d:/work_stuff/mcuxpressoide_11.1.1_3241/ide/plugins/com.nxp.mcuxpresso.tools.win32_11.1.0.202001081728/tools/bin/../lib/gcc/arm-none-eabi/8.3.1/../../../../arm-none-eabi/lib/thumb/v6-m/nofp\libcr_c.a(_fdopen.o)
                0x0000145c                _fdopen
 .text.fclose   0x000014d0       0x5c d:/work_stuff/mcuxpressoide_11.1.1_3241/ide/plugins/com.nxp.mcuxpresso.tools.win32_11.1.0.202001081728/tools/bin/../lib/gcc/arm-none-eabi/8.3.1/../../../../arm-none-eabi/lib/thumb/v6-m/nofp\libcr_c.a(fclose.o)
                0x000014d0                fclose
 .text.fflush   0x0000152c       0x44 d:/work_stuff/mcuxpressoide_11.1.1_3241/ide/plugins/com.nxp.mcuxpresso.tools.win32_11.1.0.202001081728/tools/bin/../lib/gcc/arm-none-eabi/8.3.1/../../../../arm-none-eabi/lib/thumb/v6-m/nofp\libcr_c.a(fflush.o)
                0x0000152c                fflush
 .text.fseek    0x00001570       0xf0 d:/work_stuff/mcuxpressoide_11.1.1_3241/ide/plugins/com.nxp.mcuxpresso.tools.win32_11.1.0.202001081728/tools/bin/../lib/gcc/arm-none-eabi/8.3.1/../../../../arm-none-eabi/lib/thumb/v6-m/nofp\libcr_c.a(fseek.o)
                0x00001570                fseek
 .text.ftell    0x00001660       0x48 d:/work_stuff/mcuxpressoide_11.1.1_3241/ide/plugins/com.nxp.mcuxpresso.tools.win32_11.1.0.202001081728/tools/bin/../lib/gcc/arm-none-eabi/8.3.1/../../../../arm-none-eabi/lib/thumb/v6-m/nofp\libcr_c.a(ftell.o)
                0x00001660                ftell
 .text.remove   0x000016a8       0x12 d:/work_stuff/mcuxpressoide_11.1.1_3241/ide/plugins/com.nxp.mcuxpresso.tools.win32_11.1.0.202001081728/tools/bin/../lib/gcc/arm-none-eabi/8.3.1/../../../../arm-none-eabi/lib/thumb/v6-m/nofp\libcr_c.a(remove.o)
                0x000016a8                remove
 *fill*         0x000016ba        0x2 ff
 .text.strlen   0x000016bc       0x58 d:/work_stuff/mcuxpressoide_11.1.1_3241/ide/plugins/com.nxp.mcuxpresso.tools.win32_11.1.0.202001081728/tools/bin/../lib/gcc/arm-none-eabi/8.3.1/../../../../arm-none-eabi/lib/thumb/v6-m/nofp\libcr_c.a(strlen.o)
                0x000016bc                strlen
 .text.memset   0x00001714        0x8 d:/work_stuff/mcuxpressoide_11.1.1_3241/ide/plugins/com.nxp.mcuxpresso.tools.win32_11.1.0.202001081728/tools/bin/../lib/gcc/arm-none-eabi/8.3.1/../../../../arm-none-eabi/lib/thumb/v6-m/nofp\libcr_c.a(memset.o)
                0x00001714                memset
 .text._do_fflush
                0x0000171c       0x44 d:/work_stuff/mcuxpressoide_11.1.1_3241/ide/plugins/com.nxp.mcuxpresso.tools.win32_11.1.0.202001081728/tools/bin/../lib/gcc/arm-none-eabi/8.3.1/../../../../arm-none-eabi/lib/thumb/v6-m/nofp\libcr_c.a(_do_fflush.o)
                0x0000171c                _do_fflush
 .text._fflush  0x00001760       0x5c d:/work_stuff/mcuxpressoide_11.1.1_3241/ide/plugins/com.nxp.mcuxpresso.tools.win32_11.1.0.202001081728/tools/bin/../lib/gcc/arm-none-eabi/8.3.1/../../../../arm-none-eabi/lib/thumb/v6-m/nofp\libcr_c.a(_fflush.o)
                0x00001760                _fflush
 .text._Cwritebuf
                0x000017bc       0x68 d:/work_stuff/mcuxpressoide_11.1.1_3241/ide/plugins/com.nxp.mcuxpresso.tools.win32_11.1.0.202001081728/tools/bin/../lib/gcc/arm-none-eabi/8.3.1/../../../../arm-none-eabi/lib/thumb/v6-m/nofp\libcr_c.a(_writebuf.o)
                0x000017bc                _Cwritebuf
 .text.free     0x00001824       0x2c d:/work_stuff/mcuxpressoide_11.1.1_3241/ide/plugins/com.nxp.mcuxpresso.tools.win32_11.1.0.202001081728/tools/bin/../lib/gcc/arm-none-eabi/8.3.1/../../../../arm-none-eabi/lib/thumb/v6-m/nofp\libcr_c.a(alloc.o)
                0x00001824                free
 .text._deferredlazyseek
                0x00001850       0x40 d:/work_stuff/mcuxpressoide_11.1.1_3241/ide/plugins/com.nxp.mcuxpresso.tools.win32_11.1.0.202001081728/tools/bin/../lib/gcc/arm-none-eabi/8.3.1/../../../../arm-none-eabi/lib/thumb/v6-m/nofp\libcr_c.a(_deferredlazyseek.o)
                0x00001850                _deferredlazyseek
 .text.__aeabi_memset_lowlevel
                0x00001890       0x2a d:/work_stuff/mcuxpressoide_11.1.1_3241/ide/plugins/com.nxp.mcuxpresso.tools.win32_11.1.0.202001081728/tools/bin/../lib/gcc/arm-none-eabi/8.3.1/thumb/v6-m/nofp\libcr_eabihelpers.a(memcpy.o)
                0x00001890                __aeabi_lowlevel_memset
 .text.__sys_close
                0x000018ba        0x6 d:/work_stuff/mcuxpressoide_11.1.1_3241/ide/plugins/com.nxp.mcuxpresso.tools.win32_11.1.0.202001081728/tools/bin/../lib/gcc/arm-none-eabi/8.3.1/../../../../arm-none-eabi/lib/thumb/v6-m/nofp\libcr_nohost.a(__sys_close.o)
                0x000018ba                __sys_close
 .text.__sys_flen
                0x000018c0        0x6 d:/work_stuff/mcuxpressoide_11.1.1_3241/ide/plugins/com.nxp.mcuxpresso.tools.win32_11.1.0.202001081728/tools/bin/../lib/gcc/arm-none-eabi/8.3.1/../../../../arm-none-eabi/lib/thumb/v6-m/nofp\libcr_nohost.a(__sys_flen.o)
                0x000018c0                __sys_flen
 .text.__sys_istty
                0x000018c6        0x6 d:/work_stuff/mcuxpressoide_11.1.1_3241/ide/plugins/com.nxp.mcuxpresso.tools.win32_11.1.0.202001081728/tools/bin/../lib/gcc/arm-none-eabi/8.3.1/../../../../arm-none-eabi/lib/thumb/v6-m/nofp\libcr_nohost.a(__sys_istty.o)
                0x000018c6                __sys_istty
 .text.__sys_remove
                0x000018cc        0x6 d:/work_stuff/mcuxpressoide_11.1.1_3241/ide/plugins/com.nxp.mcuxpresso.tools.win32_11.1.0.202001081728/tools/bin/../lib/gcc/arm-none-eabi/8.3.1/../../../../arm-none-eabi/lib/thumb/v6-m/nofp\libcr_nohost.a(__sys_remove.o)
                0x000018cc                __sys_remove
 .text.__sys_seek
                0x000018d2        0x6 d:/work_stuff/mcuxpressoide_11.1.1_3241/ide/plugins/com.nxp.mcuxpresso.tools.win32_11.1.0.202001081728/tools/bin/../lib/gcc/arm-none-eabi/8.3.1/../../../../arm-none-eabi/lib/thumb/v6-m/nofp\libcr_nohost.a(__sys_seek.o)
                0x000018d2                __sys_seek
 .text.__sys_tmpnam
                0x000018d8        0x6 d:/work_stuff/mcuxpressoide_11.1.1_3241/ide/plugins/com.nxp.mcuxpresso.tools.win32_11.1.0.202001081728/tools/bin/../lib/gcc/arm-none-eabi/8.3.1/../../../../arm-none-eabi/lib/thumb/v6-m/nofp\libcr_nohost.a(__sys_tmpnam.o)
                0x000018d8                __sys_tmpnam
 *(.rodata .rodata.* .constdata .constdata.*)
 *fill*         0x000018de        0x2 ff
 .rodata.OscRateIn
                0x000018e0        0x4 D:\git_proj\simpController\NXP\Firmware\lpc_board_nxp_lpcxpresso_11u68\Debug\liblpc_board_nxp_lpcxpresso_11u68.a(board.o)
                0x000018e0                OscRateIn
 .rodata.RTCOscRateIn
                0x000018e4        0x4 D:\git_proj\simpController\NXP\Firmware\lpc_board_nxp_lpcxpresso_11u68\Debug\liblpc_board_nxp_lpcxpresso_11u68.a(board.o)
                0x000018e4                RTCOscRateIn
 .rodata.ledports
                0x000018e8        0x3 D:\git_proj\simpController\NXP\Firmware\lpc_board_nxp_lpcxpresso_11u68\Debug\liblpc_board_nxp_lpcxpresso_11u68.a(board.o)
 *fill*         0x000018eb        0x1 ff
 .rodata.ledpins
                0x000018ec        0x3 D:\git_proj\simpController\NXP\Firmware\lpc_board_nxp_lpcxpresso_11u68\Debug\liblpc_board_nxp_lpcxpresso_11u68.a(board.o)
 *fill*         0x000018ef        0x1 ff
 .rodata.pinmuxing
                0x000018f0       0x64 D:\git_proj\simpController\NXP\Firmware\lpc_board_nxp_lpcxpresso_11u68\Debug\liblpc_board_nxp_lpcxpresso_11u68.a(board_sysinit.o)
 .rodata.wdtOSCRate
                0x00001954       0x40 D:\git_proj\simpController\NXP\Firmware\lpc_chip_11u6x\Debug\liblpc_chip_11u6x.a(clock_11u6x.o)
 .rodata._initio.str1.1
                0x00001994        0x4 d:/work_stuff/mcuxpressoide_11.1.1_3241/ide/plugins/com.nxp.mcuxpresso.tools.win32_11.1.0.202001081728/tools/bin/../lib/gcc/arm-none-eabi/8.3.1/../../../../arm-none-eabi/lib/thumb/v6-m/nofp\libcr_c.a(initio.o)
 .rodata.__num_Ciob_streams
                0x00001998        0x4 d:/work_stuff/mcuxpressoide_11.1.1_3241/ide/plugins/com.nxp.mcuxpresso.tools.win32_11.1.0.202001081728/tools/bin/../lib/gcc/arm-none-eabi/8.3.1/../../../../arm-none-eabi/lib/thumb/v6-m/nofp\libcr_nohost.a(__ciob.o)
                0x00001998                __num_Ciob_streams
                0x0000199c                . = ALIGN (0x4)

.glue_7         0x0000199c        0x0
 .glue_7        0x0000199c        0x0 linker stubs

.glue_7t        0x0000199c        0x0
 .glue_7t       0x0000199c        0x0 linker stubs

.vfp11_veneer   0x0000199c        0x0
 .vfp11_veneer  0x0000199c        0x0 linker stubs

.v4_bx          0x0000199c        0x0
 .v4_bx         0x0000199c        0x0 linker stubs

.iplt           0x0000199c        0x0
 .iplt          0x0000199c        0x0 ./example/src/aeabi_romdiv_patch.o

.rel.dyn        0x0000199c        0x0
 .rel.iplt      0x0000199c        0x0 ./example/src/aeabi_romdiv_patch.o

.ARM.extab
 *(.ARM.extab* .gnu.linkonce.armextab.*)

.ARM.exidx      0x0000199c        0x0
                0x0000199c                __exidx_start = .
 *(.ARM.exidx* .gnu.linkonce.armexidx.*)
                0x0000199c                __exidx_end = .
                0x0000199c                _etext = .

.mtb_buffer_RAM2
 *(.mtb.$RAM2*)
 *(.mtb.$Ram1_2*)

.data_RAM2      0x20000000        0x0 load address 0x0000199c
 FILL mask 0xff
                [!provide]                PROVIDE (__start_data_RAM2 = .)
                [!provide]                PROVIDE (__start_data_Ram1_2 = .)
 *(.ramfunc.$RAM2)
 *(.ramfunc.$Ram1_2)
 *(.data.$RAM2)
 *(.data.$Ram1_2)
 *(.data.$RAM2.*)
 *(.data.$Ram1_2.*)
                0x20000000                . = ALIGN (0x4)
                [!provide]                PROVIDE (__end_data_RAM2 = .)
                [!provide]                PROVIDE (__end_data_Ram1_2 = .)

.mtb_buffer_RAM3
 *(.mtb.$RAM3*)
 *(.mtb.$Ram2USB_2*)

.data_RAM3      0x20004000        0x0 load address 0x0000199c
 FILL mask 0xff
                [!provide]                PROVIDE (__start_data_RAM3 = .)
                [!provide]                PROVIDE (__start_data_Ram2USB_2 = .)
 *(.ramfunc.$RAM3)
 *(.ramfunc.$Ram2USB_2)
 *(.data.$RAM3)
 *(.data.$Ram2USB_2)
 *(.data.$RAM3.*)
 *(.data.$Ram2USB_2.*)
                0x20004000                . = ALIGN (0x4)
                [!provide]                PROVIDE (__end_data_RAM3 = .)
                [!provide]                PROVIDE (__end_data_Ram2USB_2 = .)

.mtb_buffer_default
                0x10000000      0x100
 *(.mtb*)
 .mtb.$RAM1     0x10000000      0x100 ./example/src/mtb.o
                0x10000000                __mtb_buffer__

.uninit_RESERVED
                0x10000100        0x0
                0x10000100                _start_uninit_RESERVED = .
 *(.bss.$RESERVED*)
                0x10000100                . = ALIGN (0x4)
                0x10000100                _end_uninit_RESERVED = .

.data           0x10000100        0x0 load address 0x0000199c
 FILL mask 0xff
                0x10000100                _data = .
                [!provide]                PROVIDE (__start_data_RAM = .)
                [!provide]                PROVIDE (__start_data_Ram0_32 = .)
 *(vtable)
 *(.ramfunc*)
 *(CodeQuickAccess)
 *(DataQuickAccess)
 *(RamFunction)
 *(.data*)
                0x10000100                . = ALIGN (0x4)
                0x10000100                _edata = .
                [!provide]                PROVIDE (__end_data_RAM = .)
                [!provide]                PROVIDE (__end_data_Ram0_32 = .)

.igot.plt       0x10000100        0x0 load address 0x0000199c
 .igot.plt      0x10000100        0x0 ./example/src/aeabi_romdiv_patch.o

.bss_RAM2       0x20000000        0x0
                [!provide]                PROVIDE (__start_bss_RAM2 = .)
                [!provide]                PROVIDE (__start_bss_Ram1_2 = .)
 *(.bss.$RAM2)
 *(.bss.$Ram1_2)
 *(.bss.$RAM2.*)
 *(.bss.$Ram1_2.*)
                0x20000000                . = ALIGN ((. != 0x0)?0x4:0x1)
                [!provide]                PROVIDE (__end_bss_RAM2 = .)
                [!provide]                PROVIDE (__end_bss_Ram1_2 = .)

.bss_RAM3       0x20004000        0x0
                [!provide]                PROVIDE (__start_bss_RAM3 = .)
                [!provide]                PROVIDE (__start_bss_Ram2USB_2 = .)
 *(.bss.$RAM3)
 *(.bss.$Ram2USB_2)
 *(.bss.$RAM3.*)
 *(.bss.$Ram2USB_2.*)
                0x20004000                . = ALIGN ((. != 0x0)?0x4:0x1)
                [!provide]                PROVIDE (__end_bss_RAM3 = .)
                [!provide]                PROVIDE (__end_bss_Ram2USB_2 = .)

.bss            0x10000100      0x1f8
                0x10000100                _bss = .
                [!provide]                PROVIDE (__start_bss_RAM = .)
                [!provide]                PROVIDE (__start_bss_Ram0_32 = .)
 *(.bss*)
 .bss.ledCnt    0x10000100        0x1 ./example/src/switch_blinky.o
 .bss.rtcWake   0x10000101        0x1 ./example/src/switch_blinky.o
 .bss.rtcAlarm  0x10000102        0x1 ./example/src/switch_blinky.o
 .bss.quickCnt.7070
                0x10000103        0x1 ./example/src/switch_blinky.o
 .bss.cnt.7069  0x10000104        0x1 ./example/src/switch_blinky.o
 *fill*         0x10000105        0x3 
 .bss.errno     0x10000108        0x4 d:/work_stuff/mcuxpressoide_11.1.1_3241/ide/plugins/com.nxp.mcuxpresso.tools.win32_11.1.0.202001081728/tools/bin/../lib/gcc/arm-none-eabi/8.3.1/../../../../arm-none-eabi/lib/thumb/v6-m/nofp\libcr_c.a(errno.o)
                0x10000108                errno
 .bss.__Ciob    0x1000010c      0x1e0 d:/work_stuff/mcuxpressoide_11.1.1_3241/ide/plugins/com.nxp.mcuxpresso.tools.win32_11.1.0.202001081728/tools/bin/../lib/gcc/arm-none-eabi/8.3.1/../../../../arm-none-eabi/lib/thumb/v6-m/nofp\libcr_nohost.a(__ciob.o)
                0x1000010c                __Ciob
 *(COMMON)
 COMMON         0x100002ec        0x8 ./example/src/cr_startup_lpc11u6x.o
                0x100002ec                pDivRom_uidiv
                0x100002f0                pDivRom_idiv
 COMMON         0x100002f4        0x4 D:\git_proj\simpController\NXP\Firmware\lpc_chip_11u6x\Debug\liblpc_chip_11u6x.a(chip_11u6x.o)
                0x100002f4                SystemCoreClock
                0x100002f8                . = ALIGN (0x4)
                0x100002f8                _ebss = .
                [!provide]                PROVIDE (__end_bss_RAM = .)
                [!provide]                PROVIDE (__end_bss_Ram0_32 = .)
                [!provide]                PROVIDE (end = .)

.noinit_RAM2    0x20000000        0x0
                [!provide]                PROVIDE (__start_noinit_RAM2 = .)
                [!provide]                PROVIDE (__start_noinit_Ram1_2 = .)
 *(.noinit.$RAM2)
 *(.noinit.$Ram1_2)
 *(.noinit.$RAM2.*)
 *(.noinit.$Ram1_2.*)
                0x20000000                . = ALIGN (0x4)
                [!provide]                PROVIDE (__end_noinit_RAM2 = .)
                [!provide]                PROVIDE (__end_noinit_Ram1_2 = .)

.noinit_RAM3    0x20004000        0x0
                [!provide]                PROVIDE (__start_noinit_RAM3 = .)
                [!provide]                PROVIDE (__start_noinit_Ram2USB_2 = .)
 *(.noinit.$RAM3)
 *(.noinit.$Ram2USB_2)
 *(.noinit.$RAM3.*)
 *(.noinit.$Ram2USB_2.*)
                0x20004000                . = ALIGN (0x4)
                [!provide]                PROVIDE (__end_noinit_RAM3 = .)
                [!provide]                PROVIDE (__end_noinit_Ram2USB_2 = .)

.noinit         0x100002f8        0x0
                0x100002f8                _noinit = .
                [!provide]                PROVIDE (__start_noinit_RAM = .)
                [!provide]                PROVIDE (__start_noinit_Ram0_32 = .)
 *(.noinit*)
                0x100002f8                . = ALIGN (0x4)
                0x100002f8                _end_noinit = .
                [!provide]                PROVIDE (__end_noinit_RAM = .)
                [!provide]                PROVIDE (__end_noinit_Ram0_32 = .)
                0x100002f8                PROVIDE (_pvHeapStart = DEFINED (__user_heap_base)?__user_heap_base:.)
                0x10008000                PROVIDE (_vStackTop = DEFINED (__user_stack_top)?__user_stack_top:(__top_Ram0_32 - 0x0))
                [!provide]                PROVIDE (__valid_user_code_checksum = (0x0 - (((_vStackTop + (ResetISR + 0x1)) + (DEFINED (NMI_Handler)?NMI_Handler:M0_NMI_Handler + 0x1)) + (DEFINED (HardFault_Handler)?HardFault_Handler:M0_HardFault_Handler + 0x1))))
                0x00000000                _image_start = LOADADDR (.text)
                0x0000199c                _image_end = (LOADADDR (.data) + SIZEOF (.data))
                0x0000199c                _image_size = (_image_end - _image_start)
OUTPUT(demos_switch_blinky.axf elf32-littlearm)

.ARM.attributes
                0x00000000       0x28
 .ARM.attributes
                0x00000000       0x1c ./example/src/aeabi_romdiv_patch.o
 .ARM.attributes
                0x0000001c       0x2c ./example/src/cr_startup_lpc11u6x.o
 .ARM.attributes
                0x00000048       0x31 ./example/src/crp.o
 .ARM.attributes
                0x00000079       0x31 ./example/src/mtb.o
 .ARM.attributes
                0x000000aa       0x2c ./example/src/switch_blinky.o
 .ARM.attributes
                0x000000d6       0x2c ./example/src/sysinit.o
 .ARM.attributes
                0x00000102       0x2c D:\git_proj\simpController\NXP\Firmware\lpc_board_nxp_lpcxpresso_11u68\Debug\liblpc_board_nxp_lpcxpresso_11u68.a(board.o)
 .ARM.attributes
                0x0000012e       0x2c D:\git_proj\simpController\NXP\Firmware\lpc_board_nxp_lpcxpresso_11u68\Debug\liblpc_board_nxp_lpcxpresso_11u68.a(board_sysinit.o)
 .ARM.attributes
                0x0000015a       0x2c D:\git_proj\simpController\NXP\Firmware\lpc_chip_11u6x\Debug\liblpc_chip_11u6x.a(chip_11u6x.o)
 .ARM.attributes
                0x00000186       0x2c D:\git_proj\simpController\NXP\Firmware\lpc_chip_11u6x\Debug\liblpc_chip_11u6x.a(clock_11u6x.o)
 .ARM.attributes
                0x000001b2       0x2c D:\git_proj\simpController\NXP\Firmware\lpc_chip_11u6x\Debug\liblpc_chip_11u6x.a(gpio_11u6x.o)
 .ARM.attributes
                0x000001de       0x2c D:\git_proj\simpController\NXP\Firmware\lpc_chip_11u6x\Debug\liblpc_chip_11u6x.a(iocon_11u6x.o)
 .ARM.attributes
                0x0000020a       0x2c D:\git_proj\simpController\NXP\Firmware\lpc_chip_11u6x\Debug\liblpc_chip_11u6x.a(rtc_11u6x.o)
 .ARM.attributes
                0x00000236       0x2c D:\git_proj\simpController\NXP\Firmware\lpc_chip_11u6x\Debug\liblpc_chip_11u6x.a(syscon_11u6x.o)
 .ARM.attributes
                0x00000262       0x2c D:\git_proj\simpController\NXP\Firmware\lpc_chip_11u6x\Debug\liblpc_chip_11u6x.a(sysinit_11u6x.o)
 .ARM.attributes
                0x0000028e       0x2c D:\git_proj\simpController\NXP\Firmware\lpc_chip_11u6x\Debug\liblpc_chip_11u6x.a(uart_0_11u6x.o)
 .ARM.attributes
                0x000002ba       0x2c d:/work_stuff/mcuxpressoide_11.1.1_3241/ide/plugins/com.nxp.mcuxpresso.tools.win32_11.1.0.202001081728/tools/bin/../lib/gcc/arm-none-eabi/8.3.1/../../../../arm-none-eabi/lib/thumb/v6-m/nofp\libcr_nohost.a(_cr__main.o)
 .ARM.attributes
                0x000002e6       0x2c d:/work_stuff/mcuxpressoide_11.1.1_3241/ide/plugins/com.nxp.mcuxpresso.tools.win32_11.1.0.202001081728/tools/bin/../lib/gcc/arm-none-eabi/8.3.1/../../../../arm-none-eabi/lib/thumb/v6-m/nofp\libcr_c.a(initio.o)
 .ARM.attributes
                0x00000312       0x2c d:/work_stuff/mcuxpressoide_11.1.1_3241/ide/plugins/com.nxp.mcuxpresso.tools.win32_11.1.0.202001081728/tools/bin/../lib/gcc/arm-none-eabi/8.3.1/../../../../arm-none-eabi/lib/thumb/v6-m/nofp\libcr_c.a(setvbuf.o)
 .ARM.attributes
                0x0000033e       0x2c d:/work_stuff/mcuxpressoide_11.1.1_3241/ide/plugins/com.nxp.mcuxpresso.tools.win32_11.1.0.202001081728/tools/bin/../lib/gcc/arm-none-eabi/8.3.1/../../../../arm-none-eabi/lib/thumb/v6-m/nofp\libcr_c.a(_fdopen.o)
 .ARM.attributes
                0x0000036a       0x2c d:/work_stuff/mcuxpressoide_11.1.1_3241/ide/plugins/com.nxp.mcuxpresso.tools.win32_11.1.0.202001081728/tools/bin/../lib/gcc/arm-none-eabi/8.3.1/../../../../arm-none-eabi/lib/thumb/v6-m/nofp\libcr_c.a(fclose.o)
 .ARM.attributes
                0x00000396       0x2c d:/work_stuff/mcuxpressoide_11.1.1_3241/ide/plugins/com.nxp.mcuxpresso.tools.win32_11.1.0.202001081728/tools/bin/../lib/gcc/arm-none-eabi/8.3.1/../../../../arm-none-eabi/lib/thumb/v6-m/nofp\libcr_c.a(fflush.o)
 .ARM.attributes
                0x000003c2       0x2c d:/work_stuff/mcuxpressoide_11.1.1_3241/ide/plugins/com.nxp.mcuxpresso.tools.win32_11.1.0.202001081728/tools/bin/../lib/gcc/arm-none-eabi/8.3.1/../../../../arm-none-eabi/lib/thumb/v6-m/nofp\libcr_c.a(fseek.o)
 .ARM.attributes
                0x000003ee       0x2c d:/work_stuff/mcuxpressoide_11.1.1_3241/ide/plugins/com.nxp.mcuxpresso.tools.win32_11.1.0.202001081728/tools/bin/../lib/gcc/arm-none-eabi/8.3.1/../../../../arm-none-eabi/lib/thumb/v6-m/nofp\libcr_c.a(ftell.o)
 .ARM.attributes
                0x0000041a       0x2c d:/work_stuff/mcuxpressoide_11.1.1_3241/ide/plugins/com.nxp.mcuxpresso.tools.win32_11.1.0.202001081728/tools/bin/../lib/gcc/arm-none-eabi/8.3.1/../../../../arm-none-eabi/lib/thumb/v6-m/nofp\libcr_c.a(remove.o)
 .ARM.attributes
                0x00000446       0x2c d:/work_stuff/mcuxpressoide_11.1.1_3241/ide/plugins/com.nxp.mcuxpresso.tools.win32_11.1.0.202001081728/tools/bin/../lib/gcc/arm-none-eabi/8.3.1/../../../../arm-none-eabi/lib/thumb/v6-m/nofp\libcr_c.a(strlen.o)
 .ARM.attributes
                0x00000472       0x2c d:/work_stuff/mcuxpressoide_11.1.1_3241/ide/plugins/com.nxp.mcuxpresso.tools.win32_11.1.0.202001081728/tools/bin/../lib/gcc/arm-none-eabi/8.3.1/../../../../arm-none-eabi/lib/thumb/v6-m/nofp\libcr_c.a(memset.o)
 .ARM.attributes
                0x0000049e       0x2c d:/work_stuff/mcuxpressoide_11.1.1_3241/ide/plugins/com.nxp.mcuxpresso.tools.win32_11.1.0.202001081728/tools/bin/../lib/gcc/arm-none-eabi/8.3.1/../../../../arm-none-eabi/lib/thumb/v6-m/nofp\libcr_c.a(_do_fflush.o)
 .ARM.attributes
                0x000004ca       0x2c d:/work_stuff/mcuxpressoide_11.1.1_3241/ide/plugins/com.nxp.mcuxpresso.tools.win32_11.1.0.202001081728/tools/bin/../lib/gcc/arm-none-eabi/8.3.1/../../../../arm-none-eabi/lib/thumb/v6-m/nofp\libcr_c.a(_fflush.o)
 .ARM.attributes
                0x000004f6       0x2c d:/work_stuff/mcuxpressoide_11.1.1_3241/ide/plugins/com.nxp.mcuxpresso.tools.win32_11.1.0.202001081728/tools/bin/../lib/gcc/arm-none-eabi/8.3.1/../../../../arm-none-eabi/lib/thumb/v6-m/nofp\libcr_c.a(_writebuf.o)
 .ARM.attributes
                0x00000522       0x2c d:/work_stuff/mcuxpressoide_11.1.1_3241/ide/plugins/com.nxp.mcuxpresso.tools.win32_11.1.0.202001081728/tools/bin/../lib/gcc/arm-none-eabi/8.3.1/../../../../arm-none-eabi/lib/thumb/v6-m/nofp\libcr_c.a(alloc.o)
 .ARM.attributes
                0x0000054e       0x31 d:/work_stuff/mcuxpressoide_11.1.1_3241/ide/plugins/com.nxp.mcuxpresso.tools.win32_11.1.0.202001081728/tools/bin/../lib/gcc/arm-none-eabi/8.3.1/../../../../arm-none-eabi/lib/thumb/v6-m/nofp\libcr_c.a(errno.o)
 .ARM.attributes
                0x0000057f       0x2c d:/work_stuff/mcuxpressoide_11.1.1_3241/ide/plugins/com.nxp.mcuxpresso.tools.win32_11.1.0.202001081728/tools/bin/../lib/gcc/arm-none-eabi/8.3.1/../../../../arm-none-eabi/lib/thumb/v6-m/nofp\libcr_c.a(_deferredlazyseek.o)
 .ARM.attributes
                0x000005ab       0x1c d:/work_stuff/mcuxpressoide_11.1.1_3241/ide/plugins/com.nxp.mcuxpresso.tools.win32_11.1.0.202001081728/tools/bin/../lib/gcc/arm-none-eabi/8.3.1/thumb/v6-m/nofp\libcr_eabihelpers.a(memcpy.o)
 .ARM.attributes
                0x000005c7       0x31 d:/work_stuff/mcuxpressoide_11.1.1_3241/ide/plugins/com.nxp.mcuxpresso.tools.win32_11.1.0.202001081728/tools/bin/../lib/gcc/arm-none-eabi/8.3.1/../../../../arm-none-eabi/lib/thumb/v6-m/nofp\libcr_nohost.a(__ciob.o)
 .ARM.attributes
                0x000005f8       0x2c d:/work_stuff/mcuxpressoide_11.1.1_3241/ide/plugins/com.nxp.mcuxpresso.tools.win32_11.1.0.202001081728/tools/bin/../lib/gcc/arm-none-eabi/8.3.1/../../../../arm-none-eabi/lib/thumb/v6-m/nofp\libcr_nohost.a(__sys_close.o)
 .ARM.attributes
                0x00000624       0x2c d:/work_stuff/mcuxpressoide_11.1.1_3241/ide/plugins/com.nxp.mcuxpresso.tools.win32_11.1.0.202001081728/tools/bin/../lib/gcc/arm-none-eabi/8.3.1/../../../../arm-none-eabi/lib/thumb/v6-m/nofp\libcr_nohost.a(__sys_flen.o)
 .ARM.attributes
                0x00000650       0x2c d:/work_stuff/mcuxpressoide_11.1.1_3241/ide/plugins/com.nxp.mcuxpresso.tools.win32_11.1.0.202001081728/tools/bin/../lib/gcc/arm-none-eabi/8.3.1/../../../../arm-none-eabi/lib/thumb/v6-m/nofp\libcr_nohost.a(__sys_istty.o)
 .ARM.attributes
                0x0000067c       0x2c d:/work_stuff/mcuxpressoide_11.1.1_3241/ide/plugins/com.nxp.mcuxpresso.tools.win32_11.1.0.202001081728/tools/bin/../lib/gcc/arm-none-eabi/8.3.1/../../../../arm-none-eabi/lib/thumb/v6-m/nofp\libcr_nohost.a(__sys_remove.o)
 .ARM.attributes
                0x000006a8       0x2c d:/work_stuff/mcuxpressoide_11.1.1_3241/ide/plugins/com.nxp.mcuxpresso.tools.win32_11.1.0.202001081728/tools/bin/../lib/gcc/arm-none-eabi/8.3.1/../../../../arm-none-eabi/lib/thumb/v6-m/nofp\libcr_nohost.a(__sys_seek.o)
 .ARM.attributes
                0x000006d4       0x2c d:/work_stuff/mcuxpressoide_11.1.1_3241/ide/plugins/com.nxp.mcuxpresso.tools.win32_11.1.0.202001081728/tools/bin/../lib/gcc/arm-none-eabi/8.3.1/../../../../arm-none-eabi/lib/thumb/v6-m/nofp\libcr_nohost.a(__sys_tmpnam.o)

.comment        0x00000000       0x76
 .comment       0x00000000       0x76 ./example/src/cr_startup_lpc11u6x.o
                                 0x77 (size before relaxing)
 .comment       0x00000076       0x77 ./example/src/crp.o
 .comment       0x00000076       0x77 ./example/src/mtb.o
 .comment       0x00000076       0x77 ./example/src/switch_blinky.o
 .comment       0x00000076       0x77 ./example/src/sysinit.o
 .comment       0x00000076       0x77 D:\git_proj\simpController\NXP\Firmware\lpc_board_nxp_lpcxpresso_11u68\Debug\liblpc_board_nxp_lpcxpresso_11u68.a(board.o)
 .comment       0x00000076       0x77 D:\git_proj\simpController\NXP\Firmware\lpc_board_nxp_lpcxpresso_11u68\Debug\liblpc_board_nxp_lpcxpresso_11u68.a(board_sysinit.o)
 .comment       0x00000076       0x77 D:\git_proj\simpController\NXP\Firmware\lpc_chip_11u6x\Debug\liblpc_chip_11u6x.a(chip_11u6x.o)
 .comment       0x00000076       0x77 D:\git_proj\simpController\NXP\Firmware\lpc_chip_11u6x\Debug\liblpc_chip_11u6x.a(clock_11u6x.o)
 .comment       0x00000076       0x77 D:\git_proj\simpController\NXP\Firmware\lpc_chip_11u6x\Debug\liblpc_chip_11u6x.a(gpio_11u6x.o)
 .comment       0x00000076       0x77 D:\git_proj\simpController\NXP\Firmware\lpc_chip_11u6x\Debug\liblpc_chip_11u6x.a(iocon_11u6x.o)
 .comment       0x00000076       0x77 D:\git_proj\simpController\NXP\Firmware\lpc_chip_11u6x\Debug\liblpc_chip_11u6x.a(rtc_11u6x.o)
 .comment       0x00000076       0x77 D:\git_proj\simpController\NXP\Firmware\lpc_chip_11u6x\Debug\liblpc_chip_11u6x.a(syscon_11u6x.o)
 .comment       0x00000076       0x77 D:\git_proj\simpController\NXP\Firmware\lpc_chip_11u6x\Debug\liblpc_chip_11u6x.a(sysinit_11u6x.o)
 .comment       0x00000076       0x77 D:\git_proj\simpController\NXP\Firmware\lpc_chip_11u6x\Debug\liblpc_chip_11u6x.a(uart_0_11u6x.o)
 .comment       0x00000076       0x77 d:/work_stuff/mcuxpressoide_11.1.1_3241/ide/plugins/com.nxp.mcuxpresso.tools.win32_11.1.0.202001081728/tools/bin/../lib/gcc/arm-none-eabi/8.3.1/../../../../arm-none-eabi/lib/thumb/v6-m/nofp\libcr_nohost.a(_cr__main.o)
 .comment       0x00000076       0x77 d:/work_stuff/mcuxpressoide_11.1.1_3241/ide/plugins/com.nxp.mcuxpresso.tools.win32_11.1.0.202001081728/tools/bin/../lib/gcc/arm-none-eabi/8.3.1/../../../../arm-none-eabi/lib/thumb/v6-m/nofp\libcr_c.a(initio.o)
 .comment       0x00000076       0x77 d:/work_stuff/mcuxpressoide_11.1.1_3241/ide/plugins/com.nxp.mcuxpresso.tools.win32_11.1.0.202001081728/tools/bin/../lib/gcc/arm-none-eabi/8.3.1/../../../../arm-none-eabi/lib/thumb/v6-m/nofp\libcr_c.a(setvbuf.o)
 .comment       0x00000076       0x77 d:/work_stuff/mcuxpressoide_11.1.1_3241/ide/plugins/com.nxp.mcuxpresso.tools.win32_11.1.0.202001081728/tools/bin/../lib/gcc/arm-none-eabi/8.3.1/../../../../arm-none-eabi/lib/thumb/v6-m/nofp\libcr_c.a(_fdopen.o)
 .comment       0x00000076       0x77 d:/work_stuff/mcuxpressoide_11.1.1_3241/ide/plugins/com.nxp.mcuxpresso.tools.win32_11.1.0.202001081728/tools/bin/../lib/gcc/arm-none-eabi/8.3.1/../../../../arm-none-eabi/lib/thumb/v6-m/nofp\libcr_c.a(fclose.o)
 .comment       0x00000076       0x77 d:/work_stuff/mcuxpressoide_11.1.1_3241/ide/plugins/com.nxp.mcuxpresso.tools.win32_11.1.0.202001081728/tools/bin/../lib/gcc/arm-none-eabi/8.3.1/../../../../arm-none-eabi/lib/thumb/v6-m/nofp\libcr_c.a(fflush.o)
 .comment       0x00000076       0x77 d:/work_stuff/mcuxpressoide_11.1.1_3241/ide/plugins/com.nxp.mcuxpresso.tools.win32_11.1.0.202001081728/tools/bin/../lib/gcc/arm-none-eabi/8.3.1/../../../../arm-none-eabi/lib/thumb/v6-m/nofp\libcr_c.a(fseek.o)
 .comment       0x00000076       0x77 d:/work_stuff/mcuxpressoide_11.1.1_3241/ide/plugins/com.nxp.mcuxpresso.tools.win32_11.1.0.202001081728/tools/bin/../lib/gcc/arm-none-eabi/8.3.1/../../../../arm-none-eabi/lib/thumb/v6-m/nofp\libcr_c.a(ftell.o)
 .comment       0x00000076       0x77 d:/work_stuff/mcuxpressoide_11.1.1_3241/ide/plugins/com.nxp.mcuxpresso.tools.win32_11.1.0.202001081728/tools/bin/../lib/gcc/arm-none-eabi/8.3.1/../../../../arm-none-eabi/lib/thumb/v6-m/nofp\libcr_c.a(remove.o)
 .comment       0x00000076       0x77 d:/work_stuff/mcuxpressoide_11.1.1_3241/ide/plugins/com.nxp.mcuxpresso.tools.win32_11.1.0.202001081728/tools/bin/../lib/gcc/arm-none-eabi/8.3.1/../../../../arm-none-eabi/lib/thumb/v6-m/nofp\libcr_c.a(strlen.o)
 .comment       0x00000076       0x77 d:/work_stuff/mcuxpressoide_11.1.1_3241/ide/plugins/com.nxp.mcuxpresso.tools.win32_11.1.0.202001081728/tools/bin/../lib/gcc/arm-none-eabi/8.3.1/../../../../arm-none-eabi/lib/thumb/v6-m/nofp\libcr_c.a(memset.o)
 .comment       0x00000076       0x77 d:/work_stuff/mcuxpressoide_11.1.1_3241/ide/plugins/com.nxp.mcuxpresso.tools.win32_11.1.0.202001081728/tools/bin/../lib/gcc/arm-none-eabi/8.3.1/../../../../arm-none-eabi/lib/thumb/v6-m/nofp\libcr_c.a(_do_fflush.o)
 .comment       0x00000076       0x77 d:/work_stuff/mcuxpressoide_11.1.1_3241/ide/plugins/com.nxp.mcuxpresso.tools.win32_11.1.0.202001081728/tools/bin/../lib/gcc/arm-none-eabi/8.3.1/../../../../arm-none-eabi/lib/thumb/v6-m/nofp\libcr_c.a(_fflush.o)
 .comment       0x00000076       0x77 d:/work_stuff/mcuxpressoide_11.1.1_3241/ide/plugins/com.nxp.mcuxpresso.tools.win32_11.1.0.202001081728/tools/bin/../lib/gcc/arm-none-eabi/8.3.1/../../../../arm-none-eabi/lib/thumb/v6-m/nofp\libcr_c.a(_writebuf.o)
 .comment       0x00000076       0x77 d:/work_stuff/mcuxpressoide_11.1.1_3241/ide/plugins/com.nxp.mcuxpresso.tools.win32_11.1.0.202001081728/tools/bin/../lib/gcc/arm-none-eabi/8.3.1/../../../../arm-none-eabi/lib/thumb/v6-m/nofp\libcr_c.a(alloc.o)
 .comment       0x00000076       0x77 d:/work_stuff/mcuxpressoide_11.1.1_3241/ide/plugins/com.nxp.mcuxpresso.tools.win32_11.1.0.202001081728/tools/bin/../lib/gcc/arm-none-eabi/8.3.1/../../../../arm-none-eabi/lib/thumb/v6-m/nofp\libcr_c.a(errno.o)
 .comment       0x00000076       0x77 d:/work_stuff/mcuxpressoide_11.1.1_3241/ide/plugins/com.nxp.mcuxpresso.tools.win32_11.1.0.202001081728/tools/bin/../lib/gcc/arm-none-eabi/8.3.1/../../../../arm-none-eabi/lib/thumb/v6-m/nofp\libcr_c.a(_deferredlazyseek.o)
 .comment       0x00000076       0x77 d:/work_stuff/mcuxpressoide_11.1.1_3241/ide/plugins/com.nxp.mcuxpresso.tools.win32_11.1.0.202001081728/tools/bin/../lib/gcc/arm-none-eabi/8.3.1/../../../../arm-none-eabi/lib/thumb/v6-m/nofp\libcr_nohost.a(__ciob.o)
 .comment       0x00000076       0x77 d:/work_stuff/mcuxpressoide_11.1.1_3241/ide/plugins/com.nxp.mcuxpresso.tools.win32_11.1.0.202001081728/tools/bin/../lib/gcc/arm-none-eabi/8.3.1/../../../../arm-none-eabi/lib/thumb/v6-m/nofp\libcr_nohost.a(__sys_close.o)
 .comment       0x00000076       0x77 d:/work_stuff/mcuxpressoide_11.1.1_3241/ide/plugins/com.nxp.mcuxpresso.tools.win32_11.1.0.202001081728/tools/bin/../lib/gcc/arm-none-eabi/8.3.1/../../../../arm-none-eabi/lib/thumb/v6-m/nofp\libcr_nohost.a(__sys_flen.o)
 .comment       0x00000076       0x77 d:/work_stuff/mcuxpressoide_11.1.1_3241/ide/plugins/com.nxp.mcuxpresso.tools.win32_11.1.0.202001081728/tools/bin/../lib/gcc/arm-none-eabi/8.3.1/../../../../arm-none-eabi/lib/thumb/v6-m/nofp\libcr_nohost.a(__sys_istty.o)
 .comment       0x00000076       0x77 d:/work_stuff/mcuxpressoide_11.1.1_3241/ide/plugins/com.nxp.mcuxpresso.tools.win32_11.1.0.202001081728/tools/bin/../lib/gcc/arm-none-eabi/8.3.1/../../../../arm-none-eabi/lib/thumb/v6-m/nofp\libcr_nohost.a(__sys_remove.o)
 .comment       0x00000076       0x77 d:/work_stuff/mcuxpressoide_11.1.1_3241/ide/plugins/com.nxp.mcuxpresso.tools.win32_11.1.0.202001081728/tools/bin/../lib/gcc/arm-none-eabi/8.3.1/../../../../arm-none-eabi/lib/thumb/v6-m/nofp\libcr_nohost.a(__sys_seek.o)
 .comment       0x00000076       0x77 d:/work_stuff/mcuxpressoide_11.1.1_3241/ide/plugins/com.nxp.mcuxpresso.tools.win32_11.1.0.202001081728/tools/bin/../lib/gcc/arm-none-eabi/8.3.1/../../../../arm-none-eabi/lib/thumb/v6-m/nofp\libcr_nohost.a(__sys_tmpnam.o)

.debug_line     0x00000000     0x4bd7
 .debug_line    0x00000000       0x6d ./example/src/aeabi_romdiv_patch.o
 .debug_line    0x0000006d      0x15e ./example/src/cr_startup_lpc11u6x.o
 .debug_line    0x000001cb       0xc0 ./example/src/crp.o
 .debug_line    0x0000028b       0xdd ./example/src/mtb.o
 .debug_line    0x00000368      0x817 ./example/src/switch_blinky.o
 .debug_line    0x00000b7f      0x4b2 ./example/src/sysinit.o
 .debug_line    0x00001031      0x78e D:\git_proj\simpController\NXP\Firmware\lpc_board_nxp_lpcxpresso_11u68\Debug\liblpc_board_nxp_lpcxpresso_11u68.a(board.o)
 .debug_line    0x000017bf      0x513 D:\git_proj\simpController\NXP\Firmware\lpc_board_nxp_lpcxpresso_11u68\Debug\liblpc_board_nxp_lpcxpresso_11u68.a(board_sysinit.o)
 .debug_line    0x00001cd2      0x4db D:\git_proj\simpController\NXP\Firmware\lpc_chip_11u6x\Debug\liblpc_chip_11u6x.a(chip_11u6x.o)
 .debug_line    0x000021ad      0x885 D:\git_proj\simpController\NXP\Firmware\lpc_chip_11u6x\Debug\liblpc_chip_11u6x.a(clock_11u6x.o)
 .debug_line    0x00002a32      0x5b6 D:\git_proj\simpController\NXP\Firmware\lpc_chip_11u6x\Debug\liblpc_chip_11u6x.a(gpio_11u6x.o)
 .debug_line    0x00002fe8      0x4c0 D:\git_proj\simpController\NXP\Firmware\lpc_chip_11u6x\Debug\liblpc_chip_11u6x.a(iocon_11u6x.o)
 .debug_line    0x000034a8      0x496 D:\git_proj\simpController\NXP\Firmware\lpc_chip_11u6x\Debug\liblpc_chip_11u6x.a(rtc_11u6x.o)
 .debug_line    0x0000393e      0x4f9 D:\git_proj\simpController\NXP\Firmware\lpc_chip_11u6x\Debug\liblpc_chip_11u6x.a(syscon_11u6x.o)
 .debug_line    0x00003e37      0x55b D:\git_proj\simpController\NXP\Firmware\lpc_chip_11u6x\Debug\liblpc_chip_11u6x.a(sysinit_11u6x.o)
 .debug_line    0x00004392      0x845 D:\git_proj\simpController\NXP\Firmware\lpc_chip_11u6x\Debug\liblpc_chip_11u6x.a(uart_0_11u6x.o)

.debug_info     0x00000000     0x7725
 .debug_info    0x00000000       0x22 ./example/src/aeabi_romdiv_patch.o
 .debug_info    0x00000022      0x273 ./example/src/cr_startup_lpc11u6x.o
 .debug_info    0x00000295       0x40 ./example/src/crp.o
 .debug_info    0x000002d5       0x54 ./example/src/mtb.o
 .debug_info    0x00000329     0x107d ./example/src/switch_blinky.o
 .debug_info    0x000013a6      0x26d ./example/src/sysinit.o
 .debug_info    0x00001613      0xada D:\git_proj\simpController\NXP\Firmware\lpc_board_nxp_lpcxpresso_11u68\Debug\liblpc_board_nxp_lpcxpresso_11u68.a(board.o)
 .debug_info    0x000020ed      0xa73 D:\git_proj\simpController\NXP\Firmware\lpc_board_nxp_lpcxpresso_11u68\Debug\liblpc_board_nxp_lpcxpresso_11u68.a(board_sysinit.o)
 .debug_info    0x00002b60      0x8d8 D:\git_proj\simpController\NXP\Firmware\lpc_chip_11u6x\Debug\liblpc_chip_11u6x.a(chip_11u6x.o)
 .debug_info    0x00003438      0xdf3 D:\git_proj\simpController\NXP\Firmware\lpc_chip_11u6x\Debug\liblpc_chip_11u6x.a(clock_11u6x.o)
 .debug_info    0x0000422b      0xad6 D:\git_proj\simpController\NXP\Firmware\lpc_chip_11u6x\Debug\liblpc_chip_11u6x.a(gpio_11u6x.o)
 .debug_info    0x00004d01      0x345 D:\git_proj\simpController\NXP\Firmware\lpc_chip_11u6x\Debug\liblpc_chip_11u6x.a(iocon_11u6x.o)
 .debug_info    0x00005046      0x7d1 D:\git_proj\simpController\NXP\Firmware\lpc_chip_11u6x\Debug\liblpc_chip_11u6x.a(rtc_11u6x.o)
 .debug_info    0x00005817      0x6ff D:\git_proj\simpController\NXP\Firmware\lpc_chip_11u6x\Debug\liblpc_chip_11u6x.a(syscon_11u6x.o)
 .debug_info    0x00005f16      0x808 D:\git_proj\simpController\NXP\Firmware\lpc_chip_11u6x\Debug\liblpc_chip_11u6x.a(sysinit_11u6x.o)
 .debug_info    0x0000671e     0x1007 D:\git_proj\simpController\NXP\Firmware\lpc_chip_11u6x\Debug\liblpc_chip_11u6x.a(uart_0_11u6x.o)

.debug_abbrev   0x00000000     0x188a
 .debug_abbrev  0x00000000       0x12 ./example/src/aeabi_romdiv_patch.o
 .debug_abbrev  0x00000012      0x131 ./example/src/cr_startup_lpc11u6x.o
 .debug_abbrev  0x00000143       0x38 ./example/src/crp.o
 .debug_abbrev  0x0000017b       0x46 ./example/src/mtb.o
 .debug_abbrev  0x000001c1      0x2ef ./example/src/switch_blinky.o
 .debug_abbrev  0x000004b0       0xdb ./example/src/sysinit.o
 .debug_abbrev  0x0000058b      0x298 D:\git_proj\simpController\NXP\Firmware\lpc_board_nxp_lpcxpresso_11u68\Debug\liblpc_board_nxp_lpcxpresso_11u68.a(board.o)
 .debug_abbrev  0x00000823      0x1aa D:\git_proj\simpController\NXP\Firmware\lpc_board_nxp_lpcxpresso_11u68\Debug\liblpc_board_nxp_lpcxpresso_11u68.a(board_sysinit.o)
 .debug_abbrev  0x000009cd      0x1c3 D:\git_proj\simpController\NXP\Firmware\lpc_chip_11u6x\Debug\liblpc_chip_11u6x.a(chip_11u6x.o)
 .debug_abbrev  0x00000b90      0x2f4 D:\git_proj\simpController\NXP\Firmware\lpc_chip_11u6x\Debug\liblpc_chip_11u6x.a(clock_11u6x.o)
 .debug_abbrev  0x00000e84      0x1dd D:\git_proj\simpController\NXP\Firmware\lpc_chip_11u6x\Debug\liblpc_chip_11u6x.a(gpio_11u6x.o)
 .debug_abbrev  0x00001061      0x15d D:\git_proj\simpController\NXP\Firmware\lpc_chip_11u6x\Debug\liblpc_chip_11u6x.a(iocon_11u6x.o)
 .debug_abbrev  0x000011be      0x174 D:\git_proj\simpController\NXP\Firmware\lpc_chip_11u6x\Debug\liblpc_chip_11u6x.a(rtc_11u6x.o)
 .debug_abbrev  0x00001332      0x140 D:\git_proj\simpController\NXP\Firmware\lpc_chip_11u6x\Debug\liblpc_chip_11u6x.a(syscon_11u6x.o)
 .debug_abbrev  0x00001472      0x1bd D:\git_proj\simpController\NXP\Firmware\lpc_chip_11u6x\Debug\liblpc_chip_11u6x.a(sysinit_11u6x.o)
 .debug_abbrev  0x0000162f      0x25b D:\git_proj\simpController\NXP\Firmware\lpc_chip_11u6x\Debug\liblpc_chip_11u6x.a(uart_0_11u6x.o)

.debug_aranges  0x00000000      0x628
 .debug_aranges
                0x00000000       0x28 ./example/src/aeabi_romdiv_patch.o
 .debug_aranges
                0x00000028       0x60 ./example/src/cr_startup_lpc11u6x.o
 .debug_aranges
                0x00000088       0x18 ./example/src/crp.o
 .debug_aranges
                0x000000a0       0x18 ./example/src/mtb.o
 .debug_aranges
                0x000000b8       0xc8 ./example/src/switch_blinky.o
 .debug_aranges
                0x00000180       0x20 ./example/src/sysinit.o
 .debug_aranges
                0x000001a0       0xc0 D:\git_proj\simpController\NXP\Firmware\lpc_board_nxp_lpcxpresso_11u68\Debug\liblpc_board_nxp_lpcxpresso_11u68.a(board.o)
 .debug_aranges
                0x00000260       0x38 D:\git_proj\simpController\NXP\Firmware\lpc_board_nxp_lpcxpresso_11u68\Debug\liblpc_board_nxp_lpcxpresso_11u68.a(board_sysinit.o)
 .debug_aranges
                0x00000298       0x40 D:\git_proj\simpController\NXP\Firmware\lpc_chip_11u6x\Debug\liblpc_chip_11u6x.a(chip_11u6x.o)
 .debug_aranges
                0x000002d8      0x100 D:\git_proj\simpController\NXP\Firmware\lpc_chip_11u6x\Debug\liblpc_chip_11u6x.a(clock_11u6x.o)
 .debug_aranges
                0x000003d8       0x78 D:\git_proj\simpController\NXP\Firmware\lpc_chip_11u6x\Debug\liblpc_chip_11u6x.a(gpio_11u6x.o)
 .debug_aranges
                0x00000450       0x28 D:\git_proj\simpController\NXP\Firmware\lpc_chip_11u6x\Debug\liblpc_chip_11u6x.a(iocon_11u6x.o)
 .debug_aranges
                0x00000478       0x38 D:\git_proj\simpController\NXP\Firmware\lpc_chip_11u6x\Debug\liblpc_chip_11u6x.a(rtc_11u6x.o)
 .debug_aranges
                0x000004b0       0x40 D:\git_proj\simpController\NXP\Firmware\lpc_chip_11u6x\Debug\liblpc_chip_11u6x.a(syscon_11u6x.o)
 .debug_aranges
                0x000004f0       0x50 D:\git_proj\simpController\NXP\Firmware\lpc_chip_11u6x\Debug\liblpc_chip_11u6x.a(sysinit_11u6x.o)
 .debug_aranges
                0x00000540       0xe8 D:\git_proj\simpController\NXP\Firmware\lpc_chip_11u6x\Debug\liblpc_chip_11u6x.a(uart_0_11u6x.o)

.debug_str      0x00000000     0xd8da
 .debug_str     0x00000000       0x74 ./example/src/aeabi_romdiv_patch.o
 .debug_str     0x00000074     0x2ee6 ./example/src/cr_startup_lpc11u6x.o
                               0x2f3b (size before relaxing)
 .debug_str     0x00002f5a       0xf1 ./example/src/crp.o
                               0x2e25 (size before relaxing)
 .debug_str     0x0000304b      0x521 ./example/src/mtb.o
                               0x325a (size before relaxing)
 .debug_str     0x0000356c     0x8cba ./example/src/switch_blinky.o
                               0xbadb (size before relaxing)
 .debug_str     0x0000c226       0x19 ./example/src/sysinit.o
                               0xb17a (size before relaxing)
 .debug_str     0x0000c23f      0x298 D:\git_proj\simpController\NXP\Firmware\lpc_board_nxp_lpcxpresso_11u68\Debug\liblpc_board_nxp_lpcxpresso_11u68.a(board.o)
                               0xb5c8 (size before relaxing)
 .debug_str     0x0000c4d7      0x389 D:\git_proj\simpController\NXP\Firmware\lpc_board_nxp_lpcxpresso_11u68\Debug\liblpc_board_nxp_lpcxpresso_11u68.a(board_sysinit.o)
                               0xb927 (size before relaxing)
 .debug_str     0x0000c860      0x19e D:\git_proj\simpController\NXP\Firmware\lpc_chip_11u6x\Debug\liblpc_chip_11u6x.a(chip_11u6x.o)
                               0xb5d5 (size before relaxing)
 .debug_str     0x0000c9fe      0x7b2 D:\git_proj\simpController\NXP\Firmware\lpc_chip_11u6x\Debug\liblpc_chip_11u6x.a(clock_11u6x.o)
                               0xba4d (size before relaxing)
 .debug_str     0x0000d1b0       0xfe D:\git_proj\simpController\NXP\Firmware\lpc_chip_11u6x\Debug\liblpc_chip_11u6x.a(gpio_11u6x.o)
                               0xb424 (size before relaxing)
 .debug_str     0x0000d2ae       0x5e D:\git_proj\simpController\NXP\Firmware\lpc_chip_11u6x\Debug\liblpc_chip_11u6x.a(iocon_11u6x.o)
                               0xadfd (size before relaxing)
 .debug_str     0x0000d30c       0x31 D:\git_proj\simpController\NXP\Firmware\lpc_chip_11u6x\Debug\liblpc_chip_11u6x.a(rtc_11u6x.o)
                               0xb331 (size before relaxing)
 .debug_str     0x0000d33d      0x1c2 D:\git_proj\simpController\NXP\Firmware\lpc_chip_11u6x\Debug\liblpc_chip_11u6x.a(syscon_11u6x.o)
                               0xb1bb (size before relaxing)
 .debug_str     0x0000d4ff      0x130 D:\git_proj\simpController\NXP\Firmware\lpc_chip_11u6x\Debug\liblpc_chip_11u6x.a(sysinit_11u6x.o)
                               0xb23a (size before relaxing)
 .debug_str     0x0000d62f      0x2ab D:\git_proj\simpController\NXP\Firmware\lpc_chip_11u6x\Debug\liblpc_chip_11u6x.a(uart_0_11u6x.o)
                               0xb608 (size before relaxing)

.debug_ranges   0x00000000      0x520
 .debug_ranges  0x00000000       0x20 ./example/src/aeabi_romdiv_patch.o
 .debug_ranges  0x00000020       0x50 ./example/src/cr_startup_lpc11u6x.o
 .debug_ranges  0x00000070       0xb8 ./example/src/switch_blinky.o
 .debug_ranges  0x00000128       0x10 ./example/src/sysinit.o
 .debug_ranges  0x00000138       0xb0 D:\git_proj\simpController\NXP\Firmware\lpc_board_nxp_lpcxpresso_11u68\Debug\liblpc_board_nxp_lpcxpresso_11u68.a(board.o)
 .debug_ranges  0x000001e8       0x28 D:\git_proj\simpController\NXP\Firmware\lpc_board_nxp_lpcxpresso_11u68\Debug\liblpc_board_nxp_lpcxpresso_11u68.a(board_sysinit.o)
 .debug_ranges  0x00000210       0x30 D:\git_proj\simpController\NXP\Firmware\lpc_chip_11u6x\Debug\liblpc_chip_11u6x.a(chip_11u6x.o)
 .debug_ranges  0x00000240       0xf0 D:\git_proj\simpController\NXP\Firmware\lpc_chip_11u6x\Debug\liblpc_chip_11u6x.a(clock_11u6x.o)
 .debug_ranges  0x00000330       0x68 D:\git_proj\simpController\NXP\Firmware\lpc_chip_11u6x\Debug\liblpc_chip_11u6x.a(gpio_11u6x.o)
 .debug_ranges  0x00000398       0x18 D:\git_proj\simpController\NXP\Firmware\lpc_chip_11u6x\Debug\liblpc_chip_11u6x.a(iocon_11u6x.o)
 .debug_ranges  0x000003b0       0x28 D:\git_proj\simpController\NXP\Firmware\lpc_chip_11u6x\Debug\liblpc_chip_11u6x.a(rtc_11u6x.o)
 .debug_ranges  0x000003d8       0x30 D:\git_proj\simpController\NXP\Firmware\lpc_chip_11u6x\Debug\liblpc_chip_11u6x.a(syscon_11u6x.o)
 .debug_ranges  0x00000408       0x40 D:\git_proj\simpController\NXP\Firmware\lpc_chip_11u6x\Debug\liblpc_chip_11u6x.a(sysinit_11u6x.o)
 .debug_ranges  0x00000448       0xd8 D:\git_proj\simpController\NXP\Firmware\lpc_chip_11u6x\Debug\liblpc_chip_11u6x.a(uart_0_11u6x.o)

.debug_macro    0x00000000     0x4c0c
 .debug_macro   0x00000000       0x23 ./example/src/cr_startup_lpc11u6x.o
 .debug_macro   0x00000023      0xa90 ./example/src/cr_startup_lpc11u6x.o
 .debug_macro   0x00000ab3       0x1a ./example/src/crp.o
 .debug_macro   0x00000acd       0x34 ./example/src/crp.o
 .debug_macro   0x00000b01       0x29 ./example/src/mtb.o
 .debug_macro   0x00000b2a       0x82 ./example/src/mtb.o
 .debug_macro   0x00000bac       0x10 ./example/src/mtb.o
 .debug_macro   0x00000bbc      0x22e ./example/src/switch_blinky.o
 .debug_macro   0x00000dea       0x10 ./example/src/switch_blinky.o
 .debug_macro   0x00000dfa      0x12e ./example/src/switch_blinky.o
 .debug_macro   0x00000f28      0x5b3 ./example/src/switch_blinky.o
 .debug_macro   0x000014db       0x22 ./example/src/switch_blinky.o
 .debug_macro   0x000014fd       0x7b ./example/src/switch_blinky.o
 .debug_macro   0x00001578       0x10 ./example/src/switch_blinky.o
 .debug_macro   0x00001588       0x26 ./example/src/switch_blinky.o
 .debug_macro   0x000015ae       0x3a ./example/src/switch_blinky.o
 .debug_macro   0x000015e8       0x1f ./example/src/switch_blinky.o
 .debug_macro   0x00001607      0x242 ./example/src/switch_blinky.o
 .debug_macro   0x00001849      0x178 ./example/src/switch_blinky.o
 .debug_macro   0x000019c1       0xca ./example/src/switch_blinky.o
 .debug_macro   0x00001a8b       0x18 ./example/src/switch_blinky.o
 .debug_macro   0x00001aa3       0x5e ./example/src/switch_blinky.o
 .debug_macro   0x00001b01       0x6a ./example/src/switch_blinky.o
 .debug_macro   0x00001b6b       0x70 ./example/src/switch_blinky.o
 .debug_macro   0x00001bdb       0x34 ./example/src/switch_blinky.o
 .debug_macro   0x00001c0f      0x10d ./example/src/switch_blinky.o
 .debug_macro   0x00001d1c       0x10 ./example/src/switch_blinky.o
 .debug_macro   0x00001d2c       0xac ./example/src/switch_blinky.o
 .debug_macro   0x00001dd8       0x40 ./example/src/switch_blinky.o
 .debug_macro   0x00001e18       0x6a ./example/src/switch_blinky.o
 .debug_macro   0x00001e82       0x64 ./example/src/switch_blinky.o
 .debug_macro   0x00001ee6       0x1c ./example/src/switch_blinky.o
 .debug_macro   0x00001f02       0x4c ./example/src/switch_blinky.o
 .debug_macro   0x00001f4e       0x16 ./example/src/switch_blinky.o
 .debug_macro   0x00001f64      0x2fb ./example/src/switch_blinky.o
 .debug_macro   0x0000225f      0x112 ./example/src/switch_blinky.o
 .debug_macro   0x00002371       0xb8 ./example/src/switch_blinky.o
 .debug_macro   0x00002429      0x201 ./example/src/switch_blinky.o
 .debug_macro   0x0000262a      0x152 ./example/src/switch_blinky.o
 .debug_macro   0x0000277c      0x18a ./example/src/switch_blinky.o
 .debug_macro   0x00002906       0x88 ./example/src/switch_blinky.o
 .debug_macro   0x0000298e       0x40 ./example/src/switch_blinky.o
 .debug_macro   0x000029ce       0xd2 ./example/src/switch_blinky.o
 .debug_macro   0x00002aa0       0x3a ./example/src/switch_blinky.o
 .debug_macro   0x00002ada       0x42 ./example/src/switch_blinky.o
 .debug_macro   0x00002b1c       0x10 ./example/src/switch_blinky.o
 .debug_macro   0x00002b2c       0x34 ./example/src/switch_blinky.o
 .debug_macro   0x00002b60       0x9a ./example/src/switch_blinky.o
 .debug_macro   0x00002bfa       0x20 ./example/src/switch_blinky.o
 .debug_macro   0x00002c1a      0x210 ./example/src/sysinit.o
 .debug_macro   0x00002e2a      0x226 D:\git_proj\simpController\NXP\Firmware\lpc_board_nxp_lpcxpresso_11u68\Debug\liblpc_board_nxp_lpcxpresso_11u68.a(board.o)
 .debug_macro   0x00003050      0xa8a D:\git_proj\simpController\NXP\Firmware\lpc_board_nxp_lpcxpresso_11u68\Debug\liblpc_board_nxp_lpcxpresso_11u68.a(board.o)
 .debug_macro   0x00003ada       0x12 D:\git_proj\simpController\NXP\Firmware\lpc_board_nxp_lpcxpresso_11u68\Debug\liblpc_board_nxp_lpcxpresso_11u68.a(board.o)
 .debug_macro   0x00003aec      0x21e D:\git_proj\simpController\NXP\Firmware\lpc_board_nxp_lpcxpresso_11u68\Debug\liblpc_board_nxp_lpcxpresso_11u68.a(board_sysinit.o)
 .debug_macro   0x00003d0a      0x1db D:\git_proj\simpController\NXP\Firmware\lpc_chip_11u6x\Debug\liblpc_chip_11u6x.a(chip_11u6x.o)
 .debug_macro   0x00003ee5      0x1db D:\git_proj\simpController\NXP\Firmware\lpc_chip_11u6x\Debug\liblpc_chip_11u6x.a(clock_11u6x.o)
 .debug_macro   0x000040c0      0x1db D:\git_proj\simpController\NXP\Firmware\lpc_chip_11u6x\Debug\liblpc_chip_11u6x.a(gpio_11u6x.o)
 .debug_macro   0x0000429b      0x1db D:\git_proj\simpController\NXP\Firmware\lpc_chip_11u6x\Debug\liblpc_chip_11u6x.a(iocon_11u6x.o)
 .debug_macro   0x00004476      0x1db D:\git_proj\simpController\NXP\Firmware\lpc_chip_11u6x\Debug\liblpc_chip_11u6x.a(rtc_11u6x.o)
 .debug_macro   0x00004651      0x205 D:\git_proj\simpController\NXP\Firmware\lpc_chip_11u6x\Debug\liblpc_chip_11u6x.a(syscon_11u6x.o)
 .debug_macro   0x00004856      0x1db D:\git_proj\simpController\NXP\Firmware\lpc_chip_11u6x\Debug\liblpc_chip_11u6x.a(sysinit_11u6x.o)
 .debug_macro   0x00004a31      0x1db D:\git_proj\simpController\NXP\Firmware\lpc_chip_11u6x\Debug\liblpc_chip_11u6x.a(uart_0_11u6x.o)

.debug_frame    0x00000000     0x12c0
 .debug_frame   0x00000000      0x118 ./example/src/cr_startup_lpc11u6x.o
 .debug_frame   0x00000118      0x2c4 ./example/src/switch_blinky.o
 .debug_frame   0x000003dc       0x2c ./example/src/sysinit.o
 .debug_frame   0x00000408      0x2a8 D:\git_proj\simpController\NXP\Firmware\lpc_board_nxp_lpcxpresso_11u68\Debug\liblpc_board_nxp_lpcxpresso_11u68.a(board.o)
 .debug_frame   0x000006b0       0x84 D:\git_proj\simpController\NXP\Firmware\lpc_board_nxp_lpcxpresso_11u68\Debug\liblpc_board_nxp_lpcxpresso_11u68.a(board_sysinit.o)
 .debug_frame   0x00000734       0xa4 D:\git_proj\simpController\NXP\Firmware\lpc_chip_11u6x\Debug\liblpc_chip_11u6x.a(chip_11u6x.o)
 .debug_frame   0x000007d8      0x394 D:\git_proj\simpController\NXP\Firmware\lpc_chip_11u6x\Debug\liblpc_chip_11u6x.a(clock_11u6x.o)
 .debug_frame   0x00000b6c      0x190 D:\git_proj\simpController\NXP\Firmware\lpc_chip_11u6x\Debug\liblpc_chip_11u6x.a(gpio_11u6x.o)
 .debug_frame   0x00000cfc       0x50 D:\git_proj\simpController\NXP\Firmware\lpc_chip_11u6x\Debug\liblpc_chip_11u6x.a(iocon_11u6x.o)
 .debug_frame   0x00000d4c       0x90 D:\git_proj\simpController\NXP\Firmware\lpc_chip_11u6x\Debug\liblpc_chip_11u6x.a(rtc_11u6x.o)
 .debug_frame   0x00000ddc       0xb0 D:\git_proj\simpController\NXP\Firmware\lpc_chip_11u6x\Debug\liblpc_chip_11u6x.a(syscon_11u6x.o)
 .debug_frame   0x00000e8c       0xe4 D:\git_proj\simpController\NXP\Firmware\lpc_chip_11u6x\Debug\liblpc_chip_11u6x.a(sysinit_11u6x.o)
 .debug_frame   0x00000f70      0x350 D:\git_proj\simpController\NXP\Firmware\lpc_chip_11u6x\Debug\liblpc_chip_11u6x.a(uart_0_11u6x.o)
